Archive member included to satisfy reference by file (symbol)

c:/st/stm32cubeide_1.8.0/stm32cubeide/plugins/com.st.stm32cube.ide.mcu.externaltools.gnu-tools-for-stm32.10.3-2021.10.win32_1.0.0.202111181127/tools/bin/../lib/gcc/arm-none-eabi/10.3.1/../../../../arm-none-eabi/lib/thumb/v7e-m+fp/hard\libc_nano.a(lib_a-errno.o)
                              ./Core/Src/syscalls.o (__errno)
c:/st/stm32cubeide_1.8.0/stm32cubeide/plugins/com.st.stm32cube.ide.mcu.externaltools.gnu-tools-for-stm32.10.3-2021.10.win32_1.0.0.202111181127/tools/bin/../lib/gcc/arm-none-eabi/10.3.1/../../../../arm-none-eabi/lib/thumb/v7e-m+fp/hard\libc_nano.a(lib_a-exit.o)
                              c:/st/stm32cubeide_1.8.0/stm32cubeide/plugins/com.st.stm32cube.ide.mcu.externaltools.gnu-tools-for-stm32.10.3-2021.10.win32_1.0.0.202111181127/tools/bin/../lib/gcc/arm-none-eabi/10.3.1/../../../../arm-none-eabi/lib/thumb/v7e-m+fp/hard/crt0.o (exit)
c:/st/stm32cubeide_1.8.0/stm32cubeide/plugins/com.st.stm32cube.ide.mcu.externaltools.gnu-tools-for-stm32.10.3-2021.10.win32_1.0.0.202111181127/tools/bin/../lib/gcc/arm-none-eabi/10.3.1/../../../../arm-none-eabi/lib/thumb/v7e-m+fp/hard\libc_nano.a(lib_a-impure.o)
                              c:/st/stm32cubeide_1.8.0/stm32cubeide/plugins/com.st.stm32cube.ide.mcu.externaltools.gnu-tools-for-stm32.10.3-2021.10.win32_1.0.0.202111181127/tools/bin/../lib/gcc/arm-none-eabi/10.3.1/../../../../arm-none-eabi/lib/thumb/v7e-m+fp/hard\libc_nano.a(lib_a-exit.o) (_global_impure_ptr)
c:/st/stm32cubeide_1.8.0/stm32cubeide/plugins/com.st.stm32cube.ide.mcu.externaltools.gnu-tools-for-stm32.10.3-2021.10.win32_1.0.0.202111181127/tools/bin/../lib/gcc/arm-none-eabi/10.3.1/../../../../arm-none-eabi/lib/thumb/v7e-m+fp/hard\libc_nano.a(lib_a-init.o)
                              c:/st/stm32cubeide_1.8.0/stm32cubeide/plugins/com.st.stm32cube.ide.mcu.externaltools.gnu-tools-for-stm32.10.3-2021.10.win32_1.0.0.202111181127/tools/bin/../lib/gcc/arm-none-eabi/10.3.1/../../../../arm-none-eabi/lib/thumb/v7e-m+fp/hard/crt0.o (__libc_init_array)
c:/st/stm32cubeide_1.8.0/stm32cubeide/plugins/com.st.stm32cube.ide.mcu.externaltools.gnu-tools-for-stm32.10.3-2021.10.win32_1.0.0.202111181127/tools/bin/../lib/gcc/arm-none-eabi/10.3.1/../../../../arm-none-eabi/lib/thumb/v7e-m+fp/hard\libc_nano.a(lib_a-memset.o)
                              c:/st/stm32cubeide_1.8.0/stm32cubeide/plugins/com.st.stm32cube.ide.mcu.externaltools.gnu-tools-for-stm32.10.3-2021.10.win32_1.0.0.202111181127/tools/bin/../lib/gcc/arm-none-eabi/10.3.1/../../../../arm-none-eabi/lib/thumb/v7e-m+fp/hard/crt0.o (memset)
c:/st/stm32cubeide_1.8.0/stm32cubeide/plugins/com.st.stm32cube.ide.mcu.externaltools.gnu-tools-for-stm32.10.3-2021.10.win32_1.0.0.202111181127/tools/bin/../lib/gcc/arm-none-eabi/10.3.1/../../../../arm-none-eabi/lib/thumb/v7e-m+fp/hard\libm.a(lib_a-w_pow.o)
                              ./Core/Src/motorX.o (pow)
c:/st/stm32cubeide_1.8.0/stm32cubeide/plugins/com.st.stm32cube.ide.mcu.externaltools.gnu-tools-for-stm32.10.3-2021.10.win32_1.0.0.202111181127/tools/bin/../lib/gcc/arm-none-eabi/10.3.1/../../../../arm-none-eabi/lib/thumb/v7e-m+fp/hard\libm.a(lib_a-e_pow.o)
                              c:/st/stm32cubeide_1.8.0/stm32cubeide/plugins/com.st.stm32cube.ide.mcu.externaltools.gnu-tools-for-stm32.10.3-2021.10.win32_1.0.0.202111181127/tools/bin/../lib/gcc/arm-none-eabi/10.3.1/../../../../arm-none-eabi/lib/thumb/v7e-m+fp/hard\libm.a(lib_a-w_pow.o) (__ieee754_pow)
c:/st/stm32cubeide_1.8.0/stm32cubeide/plugins/com.st.stm32cube.ide.mcu.externaltools.gnu-tools-for-stm32.10.3-2021.10.win32_1.0.0.202111181127/tools/bin/../lib/gcc/arm-none-eabi/10.3.1/../../../../arm-none-eabi/lib/thumb/v7e-m+fp/hard\libm.a(lib_a-e_sqrt.o)
                              c:/st/stm32cubeide_1.8.0/stm32cubeide/plugins/com.st.stm32cube.ide.mcu.externaltools.gnu-tools-for-stm32.10.3-2021.10.win32_1.0.0.202111181127/tools/bin/../lib/gcc/arm-none-eabi/10.3.1/../../../../arm-none-eabi/lib/thumb/v7e-m+fp/hard\libm.a(lib_a-e_pow.o) (__ieee754_sqrt)
c:/st/stm32cubeide_1.8.0/stm32cubeide/plugins/com.st.stm32cube.ide.mcu.externaltools.gnu-tools-for-stm32.10.3-2021.10.win32_1.0.0.202111181127/tools/bin/../lib/gcc/arm-none-eabi/10.3.1/../../../../arm-none-eabi/lib/thumb/v7e-m+fp/hard\libm.a(lib_a-math_err.o)
                              c:/st/stm32cubeide_1.8.0/stm32cubeide/plugins/com.st.stm32cube.ide.mcu.externaltools.gnu-tools-for-stm32.10.3-2021.10.win32_1.0.0.202111181127/tools/bin/../lib/gcc/arm-none-eabi/10.3.1/../../../../arm-none-eabi/lib/thumb/v7e-m+fp/hard\libm.a(lib_a-e_pow.o) (__math_uflow)
c:/st/stm32cubeide_1.8.0/stm32cubeide/plugins/com.st.stm32cube.ide.mcu.externaltools.gnu-tools-for-stm32.10.3-2021.10.win32_1.0.0.202111181127/tools/bin/../lib/gcc/arm-none-eabi/10.3.1/../../../../arm-none-eabi/lib/thumb/v7e-m+fp/hard\libm.a(lib_a-s_fabs.o)
[...]
Memory Configuration

Name             Origin             Length             Attributes
FLASH            0x0000000008100000 0x0000000000100000 xr
RAM              0x0000000010000000 0x0000000000048000 xrw
RAM_D3           0x0000000038000000 0x0000000000010000 xrw
*default*        0x0000000000000000 0xffffffffffffffff

Linker script and memory map

LOAD c:/st/stm32cubeide_1.8.0/stm32cubeide/plugins/com.st.stm32cube.ide.mcu.externaltools.gnu-tools-for-stm32.10.3-2021.10.win32_1.0.0.202111181127/tools/bin/../lib/gcc/arm-none-eabi/10.3.1/thumb/v7e-m+fp/hard/crti.o
LOAD c:/st/stm32cubeide_1.8.0/stm32cubeide/plugins/com.st.stm32cube.ide.mcu.externaltools.gnu-tools-for-stm32.10.3-2021.10.win32_1.0.0.202111181127/tools/bin/../lib/gcc/arm-none-eabi/10.3.1/thumb/v7e-m+fp/hard/crtbegin.o
LOAD c:/st/stm32cubeide_1.8.0/stm32cubeide/plugins/com.st.stm32cube.ide.mcu.externaltools.gnu-tools-for-stm32.10.3-2021.10.win32_1.0.0.202111181127/tools/bin/../lib/gcc/arm-none-eabi/10.3.1/../../../../arm-none-eabi/lib/thumb/v7e-m+fp/hard/crt0.o
LOAD ./Common/Src/system_stm32h7xx_dualcore_boot_cm4_cm7.o
LOAD ./Core/Src/VCNL4010.o
LOAD ./Core/Src/eth.o
LOAD ./Core/Src/gpio.o
LOAD ./Core/Src/i2c.o
LOAD ./Core/Src/i2c_dev.o
LOAD ./Core/Src/main.o
LOAD ./Core/Src/motorX.o
LOAD ./Core/Src/motor_master.o
LOAD ./Core/Src/stm32h7xx_hal_msp.o
LOAD ./Core/Src/stm32h7xx_it.o
LOAD ./Core/Src/syscalls.o
LOAD ./Core/Src/sysmem.o
LOAD ./Core/Src/tim.o
LOAD ./Core/Startup/startup_stm32h755zitx.o
LOAD ./Drivers/STM32H7xx_HAL_Driver/stm32h7xx_hal.o
LOAD ./Drivers/STM32H7xx_HAL_Driver/stm32h7xx_hal_cortex.o
LOAD ./Drivers/STM32H7xx_HAL_Driver/stm32h7xx_hal_dma.o
LOAD ./Drivers/STM32H7xx_HAL_Driver/stm32h7xx_hal_dma_ex.o
LOAD ./Drivers/STM32H7xx_HAL_Driver/stm32h7xx_hal_eth.o
LOAD ./Drivers/STM32H7xx_HAL_Driver/stm32h7xx_hal_eth_ex.o
LOAD ./Drivers/STM32H7xx_HAL_Driver/stm32h7xx_hal_exti.o
LOAD ./Drivers/STM32H7xx_HAL_Driver/stm32h7xx_hal_flash.o
LOAD ./Drivers/STM32H7xx_HAL_Driver/stm32h7xx_hal_flash_ex.o
LOAD ./Drivers/STM32H7xx_HAL_Driver/stm32h7xx_hal_gpio.o
LOAD ./Drivers/STM32H7xx_HAL_Driver/stm32h7xx_hal_hsem.o
LOAD ./Drivers/STM32H7xx_HAL_Driver/stm32h7xx_hal_i2c.o
LOAD ./Drivers/STM32H7xx_HAL_Driver/stm32h7xx_hal_i2c_ex.o
LOAD ./Drivers/STM32H7xx_HAL_Driver/stm32h7xx_hal_mdma.o
LOAD ./Drivers/STM32H7xx_HAL_Driver/stm32h7xx_hal_pwr.o
LOAD ./Drivers/STM32H7xx_HAL_Driver/stm32h7xx_hal_pwr_ex.o
LOAD ./Drivers/STM32H7xx_HAL_Driver/stm32h7xx_hal_rcc.o
LOAD ./Drivers/STM32H7xx_HAL_Driver/stm32h7xx_hal_rcc_ex.o
LOAD ./Drivers/STM32H7xx_HAL_Driver/stm32h7xx_hal_tim.o
LOAD ./Drivers/STM32H7xx_HAL_Driver/stm32h7xx_hal_tim_ex.o
START GROUP
LOAD c:/st/stm32cubeide_1.8.0/stm32cubeide/plugins/com.st.stm32cube.ide.mcu.externaltools.gnu-tools-for-stm32.10.3-2021.10.win32_1.0.0.202111181127/tools/bin/../lib/gcc/arm-none-eabi/10.3.1/../../../../arm-none-eabi/lib/thumb/v7e-m+fp/hard\libc_nano.a
LOAD c:/st/stm32cubeide_1.8.0/stm32cubeide/plugins/com.st.stm32cube.ide.mcu.externaltools.gnu-tools-for-stm32.10.3-2021.10.win32_1.0.0.202111181127/tools/bin/../lib/gcc/arm-none-eabi/10.3.1/../../../../arm-none-eabi/lib/thumb/v7e-m+fp/hard\libm.a
END GROUP
START GROUP
LOAD c:/st/stm32cubeide_1.8.0/stm32cubeide/plugins/com.st.stm32cube.ide.mcu.externaltools.gnu-tools-for-stm32.10.3-2021.10.win32_1.0.0.202111181127/tools/bin/../lib/gcc/arm-none-eabi/10.3.1/thumb/v7e-m+fp/hard\libgcc.a
LOAD c:/st/stm32cubeide_1.8.0/stm32cubeide/plugins/com.st.stm32cube.ide.mcu.externaltools.gnu-tools-for-stm32.10.3-2021.10.win32_1.0.0.202111181127/tools/bin/../lib/gcc/arm-none-eabi/10.3.1/../../../../arm-none-eabi/lib/thumb/v7e-m+fp/hard\libc_nano.a
END GROUP
START GROUP
LOAD c:/st/stm32cubeide_1.8.0/stm32cubeide/plugins/com.st.stm32cube.ide.mcu.externaltools.gnu-tools-for-stm32.10.3-2021.10.win32_1.0.0.202111181127/tools/bin/../lib/gcc/arm-none-eabi/10.3.1/thumb/v7e-m+fp/hard\libgcc.a
LOAD c:/st/stm32cubeide_1.8.0/stm32cubeide/plugins/com.st.stm32cube.ide.mcu.externaltools.gnu-tools-for-stm32.10.3-2021.10.win32_1.0.0.202111181127/tools/bin/../lib/gcc/arm-none-eabi/10.3.1/../../../../arm-none-eabi/lib/thumb/v7e-m+fp/hard\libc_nano.a
LOAD c:/st/stm32cubeide_1.8.0/stm32cubeide/plugins/com.st.stm32cube.ide.mcu.externaltools.gnu-tools-for-stm32.10.3-2021.10.win32_1.0.0.202111181127/tools/bin/../lib/gcc/arm-none-eabi/10.3.1/../../../../arm-none-eabi/lib/thumb/v7e-m+fp/hard\libnosys.a
END GROUP
START GROUP
LOAD c:/st/stm32cubeide_1.8.0/stm32cubeide/plugins/com.st.stm32cube.ide.mcu.externaltools.gnu-tools-for-stm32.10.3-2021.10.win32_1.0.0.202111181127/tools/bin/../lib/gcc/arm-none-eabi/10.3.1/thumb/v7e-m+fp/hard\libgcc.a
LOAD c:/st/stm32cubeide_1.8.0/stm32cubeide/plugins/com.st.stm32cube.ide.mcu.externaltools.gnu-tools-for-stm32.10.3-2021.10.win32_1.0.0.202111181127/tools/bin/../lib/gcc/arm-none-eabi/10.3.1/../../../../arm-none-eabi/lib/thumb/v7e-m+fp/hard\libc_nano.a
LOAD c:/st/stm32cubeide_1.8.0/stm32cubeide/plugins/com.st.stm32cube.ide.mcu.externaltools.gnu-tools-for-stm32.10.3-2021.10.win32_1.0.0.202111181127/tools/bin/../lib/gcc/arm-none-eabi/10.3.1/../../../../arm-none-eabi/lib/thumb/v7e-m+fp/hard\libnosys.a
END GROUP
LOAD c:/st/stm32cubeide_1.8.0/stm32cubeide/plugins/com.st.stm32cube.ide.mcu.externaltools.gnu-tools-for-stm32.10.3-2021.10.win32_1.0.0.202111181127/tools/bin/../lib/gcc/arm-none-eabi/10.3.1/thumb/v7e-m+fp/hard/crtend.o
LOAD c:/st/stm32cubeide_1.8.0/stm32cubeide/plugins/com.st.stm32cube.ide.mcu.externaltools.gnu-tools-for-stm32.10.3-2021.10.win32_1.0.0.202111181127/tools/bin/../lib/gcc/arm-none-eabi/10.3.1/thumb/v7e-m+fp/hard/crtn.o
                0x0000000010048000                _estack = (ORIGIN (RAM) + LENGTH (RAM))
                0x0000000000000200                _Min_Heap_Size = 0x200
                0x0000000000000400                _Min_Stack_Size = 0x400

.isr_vector     0x0000000008100000      0x298
                0x0000000008100000                . = ALIGN (0x4)
 *(.isr_vector)
 .isr_vector    0x0000000008100000      0x298 ./Core/Startup/startup_stm32h755zitx.o
                0x0000000008100000                g_pfnVectors
                0x0000000008100298                . = ALIGN (0x4)

.text           0x0000000008100298     0x652c
                0x0000000008100298                . = ALIGN (0x4)
 *(.text)
 .text          0x0000000008100298       0x40 c:/st/stm32cubeide_1.8.0/stm32cubeide/plugins/com.st.stm32cube.ide.mcu.externaltools.gnu-tools-for-stm32.10.3-2021.10.win32_1.0.0.202111181127/tools/bin/../lib/gcc/arm-none-eabi/10.3.1/thumb/v7e-m+fp/hard/crtbegin.o
 .text          0x00000000081002d8      0x378 c:/st/stm32cubeide_1.8.0/stm32cubeide/plugins/com.st.stm32cube.ide.mcu.externaltools.gnu-tools-for-stm32.10.3-2021.10.win32_1.0.0.202111181127/tools/bin/../lib/gcc/arm-none-eabi/10.3.1/thumb/v7e-m+fp/hard\libgcc.a(_arm_addsubdf3.o)
                0x00000000081002d8                __aeabi_drsub
                0x00000000081002e0                __aeabi_dsub
                0x00000000081002e0                __subdf3
                0x00000000081002e4                __aeabi_dadd
                0x00000000081002e4                __adddf3
                0x000000000810055c                __floatunsidf
                0x000000000810055c                __aeabi_ui2d
                0x000000000810057c                __floatsidf
                0x000000000810057c                __aeabi_i2d
                0x00000000081005a0                __aeabi_f2d
                0x00000000081005a0                __extendsfdf2
                0x00000000081005e4                __floatundidf
                0x00000000081005e4                __aeabi_ul2d
                0x00000000081005f4                __floatdidf
                0x00000000081005f4                __aeabi_l2d
 .text          0x0000000008100650      0x424 c:/st/stm32cubeide_1.8.0/stm32cubeide/plugins/com.st.stm32cube.ide.mcu.externaltools.gnu-tools-for-stm32.10.3-2021.10.win32_1.0.0.202111181127/tools/bin/../lib/gcc/arm-none-eabi/10.3.1/thumb/v7e-m+fp/hard\libgcc.a(_arm_muldivdf3.o)
                0x0000000008100650                __aeabi_dmul
                0x0000000008100650                __muldf3
                0x00000000081008a4                __divdf3
                0x00000000081008a4                __aeabi_ddiv
 .text          0x0000000008100a74      0x110 c:/st/stm32cubeide_1.8.0/stm32cubeide/plugins/com.st.stm32cube.ide.mcu.externaltools.gnu-tools-for-stm32.10.3-2021.10.win32_1.0.0.202111181127/tools/bin/../lib/gcc/arm-none-eabi/10.3.1/thumb/v7e-m+fp/hard\libgcc.a(_arm_cmpdf2.o)
                0x0000000008100a74                __gtdf2
                0x0000000008100a74                __gedf2
                0x0000000008100a7c                __ltdf2
                0x0000000008100a7c                __ledf2
                0x0000000008100a84                __nedf2
                0x0000000008100a84                __eqdf2
                0x0000000008100a84                __cmpdf2
                0x0000000008100b00                __aeabi_cdrcmple
                0x0000000008100b10                __aeabi_cdcmpeq
                0x0000000008100b10                __aeabi_cdcmple
                0x0000000008100b20                __aeabi_dcmpeq
                0x0000000008100b34                __aeabi_dcmplt
                0x0000000008100b48                __aeabi_dcmple
                0x0000000008100b5c                __aeabi_dcmpge
                0x0000000008100b70                __aeabi_dcmpgt
 .text          0x0000000008100b84       0x2c c:/st/stm32cubeide_1.8.0/stm32cubeide/plugins/com.st.stm32cube.ide.mcu.externaltools.gnu-tools-for-stm32.10.3-2021.10.win32_1.0.0.202111181127/tools/bin/../lib/gcc/arm-none-eabi/10.3.1/thumb/v7e-m+fp/hard\libgcc.a(_arm_unorddf2.o)
                0x0000000008100b84                __unorddf2
                0x0000000008100b84                __aeabi_dcmpun
 .text          0x0000000008100bb0       0x40 c:/st/stm32cubeide_1.8.0/stm32cubeide/plugins/com.st.stm32cube.ide.mcu.externaltools.gnu-tools-for-stm32.10.3-2021.10.win32_1.0.0.202111181127/tools/bin/../lib/gcc/arm-none-eabi/10.3.1/thumb/v7e-m+fp/hard\libgcc.a(_arm_fixunsdfsi.o)
                0x0000000008100bb0                __aeabi_d2uiz
                0x0000000008100bb0                __fixunsdfsi
 *(.text*)
 .text.SystemInit
                0x0000000008100bf0       0x30 ./Common/Src/system_stm32h7xx_dualcore_boot_cm4_cm7.o
                0x0000000008100bf0                SystemInit
 .text.VCNL4010_Init
                0x0000000008100c20       0x6c ./Core/Src/VCNL4010.o
                0x0000000008100c20                VCNL4010_Init
 .text.VCNL4010_ReceiveProxy
                0x0000000008100c8c       0x50 ./Core/Src/VCNL4010.o
                0x0000000008100c8c                VCNL4010_ReceiveProxy
 .text.VCNL4010_Create
                0x0000000008100cdc       0x32 ./Core/Src/VCNL4010.o
                0x0000000008100cdc                VCNL4010_Create
 *fill*         0x0000000008100d0e        0x2 
 .text.MX_GPIO_Init
                0x0000000008100d10      0x168 ./Core/Src/gpio.o
                0x0000000008100d10                MX_GPIO_Init
 .text.MX_I2C1_Init
                0x0000000008100e78       0x80 ./Core/Src/i2c.o
                0x0000000008100e78                MX_I2C1_Init
 .text.HAL_I2C_MspInit
                0x0000000008100ef8       0xf8 ./Core/Src/i2c.o
                0x0000000008100ef8                HAL_I2C_MspInit
 .text.i2c_CheckDev
                0x0000000008100ff0       0x2e ./Core/Src/i2c_dev.o
                0x0000000008100ff0                i2c_CheckDev
 .text.i2c_Transmit
                0x000000000810101e       0x52 ./Core/Src/i2c_dev.o
                0x000000000810101e                i2c_Transmit
 .text.i2c_Receive
                0x0000000008101070       0x5a ./Core/Src/i2c_dev.o
                0x0000000008101070                i2c_Receive
 *fill*         0x00000000081010ca        0x2 
 .text.main     0x00000000081010cc      0x1e4 ./Core/Src/main.o
                0x00000000081010cc                main
 .text.HAL_HSEM_FreeCallback
                0x00000000081012b0       0x54 ./Core/Src/main.o
                0x00000000081012b0                HAL_HSEM_FreeCallback
 .text.Error_Handler
                0x0000000008101304        0xa ./Core/Src/main.o
                0x0000000008101304                Error_Handler
 *fill*         0x000000000810130e        0x2 
 .text.homeMotorX
                0x0000000008101310       0x90 ./Core/Src/motorX.o
                0x0000000008101310                homeMotorX
 .text.moveToPosX
                0x00000000081013a0      0x170 ./Core/Src/motorX.o
                0x00000000081013a0                moveToPosX
 .text.HAL_TIM_IC_CaptureCallback
                0x0000000008101510       0x4c ./Core/Src/motorX.o
                0x0000000008101510                HAL_TIM_IC_CaptureCallback
 .text.HAL_GPIO_EXTI_Callback
                0x000000000810155c       0xa4 ./Core/Src/motorX.o
                0x000000000810155c                HAL_GPIO_EXTI_Callback
 .text.MoveToPos
                0x0000000008101600       0x24 ./Core/Src/motor_master.o
                0x0000000008101600                MoveToPos
 .text.HomeMotors
                0x0000000008101624       0x28 ./Core/Src/motor_master.o
                0x0000000008101624                HomeMotors
 .text.HAL_MspInit
                0x000000000810164c       0x40 ./Core/Src/stm32h7xx_hal_msp.o
                0x000000000810164c                HAL_MspInit
 .text.NMI_Handler
                0x000000000810168c        0x6 ./Core/Src/stm32h7xx_it.o
                0x000000000810168c                NMI_Handler
 .text.HardFault_Handler
                0x0000000008101692        0x6 ./Core/Src/stm32h7xx_it.o
                0x0000000008101692                HardFault_Handler
 .text.MemManage_Handler
                0x0000000008101698        0x6 ./Core/Src/stm32h7xx_it.o
                0x0000000008101698                MemManage_Handler
 .text.BusFault_Handler
                0x000000000810169e        0x6 ./Core/Src/stm32h7xx_it.o
                0x000000000810169e                BusFault_Handler
 .text.UsageFault_Handler
                0x00000000081016a4        0x6 ./Core/Src/stm32h7xx_it.o
                0x00000000081016a4                UsageFault_Handler
 .text.SVC_Handler
                0x00000000081016aa        0xe ./Core/Src/stm32h7xx_it.o
                0x00000000081016aa                SVC_Handler
 .text.DebugMon_Handler
                0x00000000081016b8        0xe ./Core/Src/stm32h7xx_it.o
                0x00000000081016b8                DebugMon_Handler
 .text.PendSV_Handler
                0x00000000081016c6        0xe ./Core/Src/stm32h7xx_it.o
                0x00000000081016c6                PendSV_Handler
 .text.SysTick_Handler
                0x00000000081016d4        0xc ./Core/Src/stm32h7xx_it.o
                0x00000000081016d4                SysTick_Handler
 .text.TIM2_IRQHandler
                0x00000000081016e0       0x14 ./Core/Src/stm32h7xx_it.o
                0x00000000081016e0                TIM2_IRQHandler
 .text.EXTI15_10_IRQHandler
                0x00000000081016f4       0x10 ./Core/Src/stm32h7xx_it.o
                0x00000000081016f4                EXTI15_10_IRQHandler
 .text.HSEM2_IRQHandler
                0x0000000008101704        0xc ./Core/Src/stm32h7xx_it.o
                0x0000000008101704                HSEM2_IRQHandler
 .text.MX_TIM2_Init
                0x0000000008101710       0xa8 ./Core/Src/tim.o
                0x0000000008101710                MX_TIM2_Init
 .text.MX_TIM3_Init
                0x00000000081017b8       0xb4 ./Core/Src/tim.o
                0x00000000081017b8                MX_TIM3_Init
 .text.HAL_TIM_Encoder_MspInit
                0x000000000810186c       0xe0 ./Core/Src/tim.o
                0x000000000810186c                HAL_TIM_Encoder_MspInit
 .text.HAL_TIM_PWM_MspInit
                0x000000000810194c       0x44 ./Core/Src/tim.o
                0x000000000810194c                HAL_TIM_PWM_MspInit
 .text.HAL_TIM_MspPostInit
                0x0000000008101990       0x78 ./Core/Src/tim.o
                0x0000000008101990                HAL_TIM_MspPostInit
 .text.Reset_Handler
                0x0000000008101a08       0x50 ./Core/Startup/startup_stm32h755zitx.o
                0x0000000008101a08                Reset_Handler
 .text.Default_Handler
                0x0000000008101a58        0x2 ./Core/Startup/startup_stm32h755zitx.o
                0x0000000008101a58                RTC_Alarm_IRQHandler
                0x0000000008101a58                HASH_RNG_IRQHandler
                0x0000000008101a58                EXTI2_IRQHandler
                0x0000000008101a58                TIM8_CC_IRQHandler
                0x0000000008101a58                HRTIM1_Master_IRQHandler
                0x0000000008101a58                UART8_IRQHandler
                0x0000000008101a58                SPI4_IRQHandler
                0x0000000008101a58                TIM1_CC_IRQHandler
                0x0000000008101a58                BDMA_Channel6_IRQHandler
                0x0000000008101a58                DMA2_Stream5_IRQHandler
                0x0000000008101a58                HRTIM1_FLT_IRQHandler
                0x0000000008101a58                JPEG_IRQHandler
                0x0000000008101a58                DMA1_Stream5_IRQHandler
                0x0000000008101a58                BDMA_Channel1_IRQHandler
                0x0000000008101a58                HRTIM1_TIMD_IRQHandler
                0x0000000008101a58                TAMP_STAMP_IRQHandler
                0x0000000008101a58                EXTI3_IRQHandler
                0x0000000008101a58                LPTIM4_IRQHandler
                0x0000000008101a58                TIM8_TRG_COM_TIM14_IRQHandler
                0x0000000008101a58                LPTIM2_IRQHandler
                0x0000000008101a58                DFSDM1_FLT1_IRQHandler
                0x0000000008101a58                DMAMUX2_OVR_IRQHandler
                0x0000000008101a58                TIM8_UP_TIM13_IRQHandler
                0x0000000008101a58                I2C3_ER_IRQHandler
                0x0000000008101a58                DFSDM1_FLT2_IRQHandler
                0x0000000008101a58                MDMA_IRQHandler
                0x0000000008101a58                LPTIM3_IRQHandler
                0x0000000008101a58                HSEM1_IRQHandler
                0x0000000008101a58                EXTI0_IRQHandler
                0x0000000008101a58                I2C2_EV_IRQHandler
                0x0000000008101a58                DMA1_Stream2_IRQHandler
                0x0000000008101a58                FPU_IRQHandler
                0x0000000008101a58                OTG_HS_WKUP_IRQHandler
                0x0000000008101a58                FDCAN1_IT1_IRQHandler
                0x0000000008101a58                LTDC_ER_IRQHandler
                0x0000000008101a58                DMA2_Stream2_IRQHandler
                0x0000000008101a58                HRTIM1_TIME_IRQHandler
                0x0000000008101a58                SPI1_IRQHandler
                0x0000000008101a58                TIM6_DAC_IRQHandler
                0x0000000008101a58                DCMI_IRQHandler
                0x0000000008101a58                HRTIM1_TIMC_IRQHandler
                0x0000000008101a58                DMA2_Stream3_IRQHandler
                0x0000000008101a58                SAI2_IRQHandler
                0x0000000008101a58                DFSDM1_FLT3_IRQHandler
                0x0000000008101a58                USART6_IRQHandler
                0x0000000008101a58                TIM17_IRQHandler
                0x0000000008101a58                USART3_IRQHandler
                0x0000000008101a58                BDMA_Channel7_IRQHandler
                0x0000000008101a58                CRYP_IRQHandler
                0x0000000008101a58                LPTIM5_IRQHandler
                0x0000000008101a58                UART5_IRQHandler
                0x0000000008101a58                ADC3_IRQHandler
                0x0000000008101a58                DMA2_Stream0_IRQHandler
                0x0000000008101a58                TIM4_IRQHandler
                0x0000000008101a58                BDMA_Channel2_IRQHandler
                0x0000000008101a58                QUADSPI_IRQHandler
                0x0000000008101a58                I2C1_EV_IRQHandler
                0x0000000008101a58                DMA1_Stream6_IRQHandler
                0x0000000008101a58                DMAMUX1_OVR_IRQHandler
                0x0000000008101a58                DMA1_Stream1_IRQHandler
                0x0000000008101a58                TIM16_IRQHandler
                0x0000000008101a58                UART4_IRQHandler
                0x0000000008101a58                BDMA_Channel5_IRQHandler
                0x0000000008101a58                TIM3_IRQHandler
                0x0000000008101a58                RCC_IRQHandler
                0x0000000008101a58                TIM8_BRK_TIM12_IRQHandler
                0x0000000008101a58                TIM1_TRG_COM_IRQHandler
                0x0000000008101a58                Default_Handler
                0x0000000008101a58                ECC_IRQHandler
                0x0000000008101a58                CEC_IRQHandler
                0x0000000008101a58                BDMA_Channel0_IRQHandler
                0x0000000008101a58                ADC_IRQHandler
                0x0000000008101a58                DMA1_Stream7_IRQHandler
                0x0000000008101a58                HRTIM1_TIMA_IRQHandler
                0x0000000008101a58                SPI5_IRQHandler
                0x0000000008101a58                TIM7_IRQHandler
                0x0000000008101a58                SDMMC1_IRQHandler
                0x0000000008101a58                TIM5_IRQHandler
                0x0000000008101a58                DMA2_Stream7_IRQHandler
                0x0000000008101a58                TIM15_IRQHandler
                0x0000000008101a58                PVD_AVD_IRQHandler
                0x0000000008101a58                I2C3_EV_IRQHandler
                0x0000000008101a58                EXTI9_5_IRQHandler
                0x0000000008101a58                RTC_WKUP_IRQHandler
                0x0000000008101a58                LTDC_IRQHandler
                0x0000000008101a58                SAI3_IRQHandler
                0x0000000008101a58                ETH_WKUP_IRQHandler
                0x0000000008101a58                SPDIF_RX_IRQHandler
                0x0000000008101a58                SPI2_IRQHandler
                0x0000000008101a58                OTG_HS_EP1_IN_IRQHandler
                0x0000000008101a58                DMA1_Stream0_IRQHandler
                0x0000000008101a58                CRS_IRQHandler
                0x0000000008101a58                CM7_SEV_IRQHandler
                0x0000000008101a58                EXTI4_IRQHandler
                0x0000000008101a58                CM4_SEV_IRQHandler
                0x0000000008101a58                HRTIM1_TIMB_IRQHandler
                0x0000000008101a58                FDCAN2_IT1_IRQHandler
                0x0000000008101a58                ETH_IRQHandler
                0x0000000008101a58                TIM1_UP_IRQHandler
                0x0000000008101a58                WWDG_RST_IRQHandler
                0x0000000008101a58                BDMA_Channel4_IRQHandler
                0x0000000008101a58                OTG_HS_EP1_OUT_IRQHandler
                0x0000000008101a58                WWDG_IRQHandler
                0x0000000008101a58                SPI6_IRQHandler
                0x0000000008101a58                MDIOS_IRQHandler
                0x0000000008101a58                I2C4_EV_IRQHandler
                0x0000000008101a58                FDCAN2_IT0_IRQHandler
                0x0000000008101a58                LPUART1_IRQHandler
                0x0000000008101a58                FDCAN1_IT0_IRQHandler
                0x0000000008101a58                OTG_FS_WKUP_IRQHandler
                0x0000000008101a58                OTG_HS_IRQHandler
                0x0000000008101a58                DMA2D_IRQHandler
                0x0000000008101a58                TIM1_BRK_IRQHandler
                0x0000000008101a58                EXTI1_IRQHandler
                0x0000000008101a58                SDMMC2_IRQHandler
                0x0000000008101a58                OTG_FS_EP1_OUT_IRQHandler
                0x0000000008101a58                BDMA_Channel3_IRQHandler
                0x0000000008101a58                HOLD_CORE_IRQHandler
                0x0000000008101a58                UART7_IRQHandler
                0x0000000008101a58                MDIOS_WKUP_IRQHandler
                0x0000000008101a58                USART2_IRQHandler
                0x0000000008101a58                DFSDM1_FLT0_IRQHandler
                0x0000000008101a58                SAI4_IRQHandler
                0x0000000008101a58                I2C2_ER_IRQHandler
                0x0000000008101a58                DMA2_Stream1_IRQHandler
                0x0000000008101a58                FLASH_IRQHandler
                0x0000000008101a58                DMA2_Stream4_IRQHandler
                0x0000000008101a58                USART1_IRQHandler
                0x0000000008101a58                OTG_FS_IRQHandler
                0x0000000008101a58                SPI3_IRQHandler
                0x0000000008101a58                WAKEUP_PIN_IRQHandler
                0x0000000008101a58                DMA1_Stream4_IRQHandler
                0x0000000008101a58                OTG_FS_EP1_IN_IRQHandler
                0x0000000008101a58                I2C1_ER_IRQHandler
                0x0000000008101a58                FMC_IRQHandler
                0x0000000008101a58                FDCAN_CAL_IRQHandler
                0x0000000008101a58                SWPMI1_IRQHandler
                0x0000000008101a58                COMP1_IRQHandler
                0x0000000008101a58                LPTIM1_IRQHandler
                0x0000000008101a58                I2C4_ER_IRQHandler
                0x0000000008101a58                DMA2_Stream6_IRQHandler
                0x0000000008101a58                SAI1_IRQHandler
                0x0000000008101a58                DMA1_Stream3_IRQHandler
 *fill*         0x0000000008101a5a        0x2 
 .text.HAL_Init
                0x0000000008101a5c       0xbc ./Drivers/STM32H7xx_HAL_Driver/stm32h7xx_hal.o
                0x0000000008101a5c                HAL_Init
 .text.HAL_InitTick
                0x0000000008101b18       0x6c ./Drivers/STM32H7xx_HAL_Driver/stm32h7xx_hal.o
                0x0000000008101b18                HAL_InitTick
 .text.HAL_IncTick
                0x0000000008101b84       0x28 ./Drivers/STM32H7xx_HAL_Driver/stm32h7xx_hal.o
                0x0000000008101b84                HAL_IncTick
 .text.HAL_GetTick
                0x0000000008101bac       0x18 ./Drivers/STM32H7xx_HAL_Driver/stm32h7xx_hal.o
                0x0000000008101bac                HAL_GetTick
 .text.HAL_Delay
                0x0000000008101bc4       0x48 ./Drivers/STM32H7xx_HAL_Driver/stm32h7xx_hal.o
                0x0000000008101bc4                HAL_Delay
 .text.__NVIC_SetPriorityGrouping
                0x0000000008101c0c       0x48 ./Drivers/STM32H7xx_HAL_Driver/stm32h7xx_hal_cortex.o
 .text.__NVIC_GetPriorityGrouping
                0x0000000008101c54       0x1c ./Drivers/STM32H7xx_HAL_Driver/stm32h7xx_hal_cortex.o
 .text.__NVIC_EnableIRQ
                0x0000000008101c70       0x3c ./Drivers/STM32H7xx_HAL_Driver/stm32h7xx_hal_cortex.o
 .text.__NVIC_SetPriority
                0x0000000008101cac       0x54 ./Drivers/STM32H7xx_HAL_Driver/stm32h7xx_hal_cortex.o
 .text.NVIC_EncodePriority
                0x0000000008101d00       0x66 ./Drivers/STM32H7xx_HAL_Driver/stm32h7xx_hal_cortex.o
 *fill*         0x0000000008101d66        0x2 
 .text.SysTick_Config
                0x0000000008101d68       0x44 ./Drivers/STM32H7xx_HAL_Driver/stm32h7xx_hal_cortex.o
 .text.HAL_NVIC_SetPriorityGrouping
                0x0000000008101dac       0x16 ./Drivers/STM32H7xx_HAL_Driver/stm32h7xx_hal_cortex.o
                0x0000000008101dac                HAL_NVIC_SetPriorityGrouping
 .text.HAL_NVIC_SetPriority
                0x0000000008101dc2       0x34 ./Drivers/STM32H7xx_HAL_Driver/stm32h7xx_hal_cortex.o
                0x0000000008101dc2                HAL_NVIC_SetPriority
 .text.HAL_NVIC_EnableIRQ
                0x0000000008101df6       0x1c ./Drivers/STM32H7xx_HAL_Driver/stm32h7xx_hal_cortex.o
                0x0000000008101df6                HAL_NVIC_EnableIRQ
 .text.HAL_SYSTICK_Config
                0x0000000008101e12       0x18 ./Drivers/STM32H7xx_HAL_Driver/stm32h7xx_hal_cortex.o
                0x0000000008101e12                HAL_SYSTICK_Config
 *fill*         0x0000000008101e2a        0x2 
 .text.HAL_GetCurrentCPUID
                0x0000000008101e2c       0x28 ./Drivers/STM32H7xx_HAL_Driver/stm32h7xx_hal_cortex.o
                0x0000000008101e2c                HAL_GetCurrentCPUID
 .text.HAL_GPIO_Init
                0x0000000008101e54      0x360 ./Drivers/STM32H7xx_HAL_Driver/stm32h7xx_hal_gpio.o
                0x0000000008101e54                HAL_GPIO_Init
 .text.HAL_GPIO_ReadPin
                0x00000000081021b4       0x30 ./Drivers/STM32H7xx_HAL_Driver/stm32h7xx_hal_gpio.o
                0x00000000081021b4                HAL_GPIO_ReadPin
 .text.HAL_GPIO_WritePin
                0x00000000081021e4       0x32 ./Drivers/STM32H7xx_HAL_Driver/stm32h7xx_hal_gpio.o
                0x00000000081021e4                HAL_GPIO_WritePin
 .text.HAL_GPIO_EXTI_IRQHandler
                0x0000000008102216       0x34 ./Drivers/STM32H7xx_HAL_Driver/stm32h7xx_hal_gpio.o
                0x0000000008102216                HAL_GPIO_EXTI_IRQHandler
 *fill*         0x000000000810224a        0x2 
 .text.HAL_HSEM_FastTake
                0x000000000810224c       0x34 ./Drivers/STM32H7xx_HAL_Driver/stm32h7xx_hal_hsem.o
                0x000000000810224c                HAL_HSEM_FastTake
 .text.HAL_HSEM_Release
                0x0000000008102280       0x28 ./Drivers/STM32H7xx_HAL_Driver/stm32h7xx_hal_hsem.o
                0x0000000008102280                HAL_HSEM_Release
 .text.HAL_HSEM_ActivateNotification
                0x00000000081022a8       0x24 ./Drivers/STM32H7xx_HAL_Driver/stm32h7xx_hal_hsem.o
                0x00000000081022a8                HAL_HSEM_ActivateNotification
 .text.HAL_HSEM_IRQHandler
                0x00000000081022cc       0x34 ./Drivers/STM32H7xx_HAL_Driver/stm32h7xx_hal_hsem.o
                0x00000000081022cc                HAL_HSEM_IRQHandler
 .text.HAL_I2C_Init
                0x0000000008102300      0x11e ./Drivers/STM32H7xx_HAL_Driver/stm32h7xx_hal_i2c.o
                0x0000000008102300                HAL_I2C_Init
 *fill*         0x000000000810241e        0x2 
 .text.HAL_I2C_Mem_Write
                0x0000000008102420      0x228 ./Drivers/STM32H7xx_HAL_Driver/stm32h7xx_hal_i2c.o
                0x0000000008102420                HAL_I2C_Mem_Write
 .text.HAL_I2C_Mem_Read
                0x0000000008102648      0x234 ./Drivers/STM32H7xx_HAL_Driver/stm32h7xx_hal_i2c.o
                0x0000000008102648                HAL_I2C_Mem_Read
 .text.HAL_I2C_IsDeviceReady
                0x000000000810287c      0x20e ./Drivers/STM32H7xx_HAL_Driver/stm32h7xx_hal_i2c.o
                0x000000000810287c                HAL_I2C_IsDeviceReady
 *fill*         0x0000000008102a8a        0x2 
 .text.I2C_RequestMemoryWrite
                0x0000000008102a8c       0xa8 ./Drivers/STM32H7xx_HAL_Driver/stm32h7xx_hal_i2c.o
 .text.I2C_RequestMemoryRead
                0x0000000008102b34       0xa8 ./Drivers/STM32H7xx_HAL_Driver/stm32h7xx_hal_i2c.o
 .text.I2C_Flush_TXDR
                0x0000000008102bdc       0x48 ./Drivers/STM32H7xx_HAL_Driver/stm32h7xx_hal_i2c.o
 .text.I2C_WaitOnFlagUntilTimeout
                0x0000000008102c24       0x80 ./Drivers/STM32H7xx_HAL_Driver/stm32h7xx_hal_i2c.o
 .text.I2C_WaitOnTXISFlagUntilTimeout
                0x0000000008102ca4       0x80 ./Drivers/STM32H7xx_HAL_Driver/stm32h7xx_hal_i2c.o
 .text.I2C_WaitOnSTOPFlagUntilTimeout
                0x0000000008102d24       0x78 ./Drivers/STM32H7xx_HAL_Driver/stm32h7xx_hal_i2c.o
 .text.I2C_IsErrorOccurred
                0x0000000008102d9c      0x1d8 ./Drivers/STM32H7xx_HAL_Driver/stm32h7xx_hal_i2c.o
 .text.I2C_TransferConfig
                0x0000000008102f74       0x64 ./Drivers/STM32H7xx_HAL_Driver/stm32h7xx_hal_i2c.o
 .text.HAL_I2CEx_ConfigAnalogFilter
                0x0000000008102fd8       0x96 ./Drivers/STM32H7xx_HAL_Driver/stm32h7xx_hal_i2c_ex.o
                0x0000000008102fd8                HAL_I2CEx_ConfigAnalogFilter
 .text.HAL_I2CEx_ConfigDigitalFilter
                0x000000000810306e       0x98 ./Drivers/STM32H7xx_HAL_Driver/stm32h7xx_hal_i2c_ex.o
                0x000000000810306e                HAL_I2CEx_ConfigDigitalFilter
 *fill*         0x0000000008103106        0x2 
 .text.HAL_PWREx_EnterSTOPMode
                0x0000000008103108       0xf4 ./Drivers/STM32H7xx_HAL_Driver/stm32h7xx_hal_pwr_ex.o
                0x0000000008103108                HAL_PWREx_EnterSTOPMode
 .text.HAL_PWREx_ClearPendingEvent
                0x00000000081031fc       0x1a ./Drivers/STM32H7xx_HAL_Driver/stm32h7xx_hal_pwr_ex.o
                0x00000000081031fc                HAL_PWREx_ClearPendingEvent
 *fill*         0x0000000008103216        0x2 
 .text.HAL_RCC_GetSysClockFreq
                0x0000000008103218      0x2f4 ./Drivers/STM32H7xx_HAL_Driver/stm32h7xx_hal_rcc.o
                0x0000000008103218                HAL_RCC_GetSysClockFreq
 .text.HAL_RCCEx_PeriphCLKConfig
                0x000000000810350c      0xe8c ./Drivers/STM32H7xx_HAL_Driver/stm32h7xx_hal_rcc_ex.o
                0x000000000810350c                HAL_RCCEx_PeriphCLKConfig
 .text.RCCEx_PLL2_Config
                0x0000000008104398      0x164 ./Drivers/STM32H7xx_HAL_Driver/stm32h7xx_hal_rcc_ex.o
 .text.RCCEx_PLL3_Config
                0x00000000081044fc      0x164 ./Drivers/STM32H7xx_HAL_Driver/stm32h7xx_hal_rcc_ex.o
 .text.HAL_TIM_PWM_Init
                0x0000000008104660       0xae ./Drivers/STM32H7xx_HAL_Driver/stm32h7xx_hal_tim.o
                0x0000000008104660                HAL_TIM_PWM_Init
 *fill*         0x000000000810470e        0x2 
 .text.HAL_TIM_PWM_Start
                0x0000000008104710      0x21c ./Drivers/STM32H7xx_HAL_Driver/stm32h7xx_hal_tim.o
                0x0000000008104710                HAL_TIM_PWM_Start
 .text.HAL_TIM_Encoder_Init
                0x000000000810492c      0x14c ./Drivers/STM32H7xx_HAL_Driver/stm32h7xx_hal_tim.o
                0x000000000810492c                HAL_TIM_Encoder_Init
 .text.HAL_TIM_Encoder_Start_IT
                0x0000000008104a78      0x15c ./Drivers/STM32H7xx_HAL_Driver/stm32h7xx_hal_tim.o
                0x0000000008104a78                HAL_TIM_Encoder_Start_IT
 .text.HAL_TIM_IRQHandler
                0x0000000008104bd4      0x23e ./Drivers/STM32H7xx_HAL_Driver/stm32h7xx_hal_tim.o
                0x0000000008104bd4                HAL_TIM_IRQHandler
 *fill*         0x0000000008104e12        0x2 
 .text.HAL_TIM_PWM_ConfigChannel
                0x0000000008104e14      0x228 ./Drivers/STM32H7xx_HAL_Driver/stm32h7xx_hal_tim.o
                0x0000000008104e14                HAL_TIM_PWM_ConfigChannel
 .text.HAL_TIM_PeriodElapsedCallback
                0x000000000810503c       0x14 ./Drivers/STM32H7xx_HAL_Driver/stm32h7xx_hal_tim.o
                0x000000000810503c                HAL_TIM_PeriodElapsedCallback
 .text.HAL_TIM_OC_DelayElapsedCallback
                0x0000000008105050       0x14 ./Drivers/STM32H7xx_HAL_Driver/stm32h7xx_hal_tim.o
                0x0000000008105050                HAL_TIM_OC_DelayElapsedCallback
 .text.HAL_TIM_PWM_PulseFinishedCallback
                0x0000000008105064       0x14 ./Drivers/STM32H7xx_HAL_Driver/stm32h7xx_hal_tim.o
                0x0000000008105064                HAL_TIM_PWM_PulseFinishedCallback
 .text.HAL_TIM_TriggerCallback
                0x0000000008105078       0x14 ./Drivers/STM32H7xx_HAL_Driver/stm32h7xx_hal_tim.o
                0x0000000008105078                HAL_TIM_TriggerCallback
 .text.TIM_Base_SetConfig
                0x000000000810508c      0x134 ./Drivers/STM32H7xx_HAL_Driver/stm32h7xx_hal_tim.o
                0x000000000810508c                TIM_Base_SetConfig
 .text.TIM_OC1_SetConfig
                0x00000000081051c0      0x120 ./Drivers/STM32H7xx_HAL_Driver/stm32h7xx_hal_tim.o
 .text.TIM_OC2_SetConfig
                0x00000000081052e0      0x114 ./Drivers/STM32H7xx_HAL_Driver/stm32h7xx_hal_tim.o
                0x00000000081052e0                TIM_OC2_SetConfig
 .text.TIM_OC3_SetConfig
                0x00000000081053f4      0x110 ./Drivers/STM32H7xx_HAL_Driver/stm32h7xx_hal_tim.o
 .text.TIM_OC4_SetConfig
                0x0000000008105504       0xd4 ./Drivers/STM32H7xx_HAL_Driver/stm32h7xx_hal_tim.o
 .text.TIM_OC5_SetConfig
                0x00000000081055d8       0xc8 ./Drivers/STM32H7xx_HAL_Driver/stm32h7xx_hal_tim.o
 .text.TIM_OC6_SetConfig
                0x00000000081056a0       0xcc ./Drivers/STM32H7xx_HAL_Driver/stm32h7xx_hal_tim.o
 .text.TIM_CCxChannelCmd
                0x000000000810576c       0x4a ./Drivers/STM32H7xx_HAL_Driver/stm32h7xx_hal_tim.o
                0x000000000810576c                TIM_CCxChannelCmd
 *fill*         0x00000000081057b6        0x2 
 .text.HAL_TIMEx_MasterConfigSynchronization
                0x00000000081057b8      0x11c ./Drivers/STM32H7xx_HAL_Driver/stm32h7xx_hal_tim_ex.o
                0x00000000081057b8                HAL_TIMEx_MasterConfigSynchronization
 .text.HAL_TIMEx_CommutCallback
                0x00000000081058d4       0x14 ./Drivers/STM32H7xx_HAL_Driver/stm32h7xx_hal_tim_ex.o
                0x00000000081058d4                HAL_TIMEx_CommutCallback
 .text.HAL_TIMEx_BreakCallback
                0x00000000081058e8       0x14 ./Drivers/STM32H7xx_HAL_Driver/stm32h7xx_hal_tim_ex.o
                0x00000000081058e8                HAL_TIMEx_BreakCallback
 .text.HAL_TIMEx_Break2Callback
                0x00000000081058fc       0x14 ./Drivers/STM32H7xx_HAL_Driver/stm32h7xx_hal_tim_ex.o
                0x00000000081058fc                HAL_TIMEx_Break2Callback
 .text.__errno  0x0000000008105910        0xc c:/st/stm32cubeide_1.8.0/stm32cubeide/plugins/com.st.stm32cube.ide.mcu.externaltools.gnu-tools-for-stm32.10.3-2021.10.win32_1.0.0.202111181127/tools/bin/../lib/gcc/arm-none-eabi/10.3.1/../../../../arm-none-eabi/lib/thumb/v7e-m+fp/hard\libc_nano.a(lib_a-errno.o)
                0x0000000008105910                __errno
 .text.__libc_init_array
                0x000000000810591c       0x48 c:/st/stm32cubeide_1.8.0/stm32cubeide/plugins/com.st.stm32cube.ide.mcu.externaltools.gnu-tools-for-stm32.10.3-2021.10.win32_1.0.0.202111181127/tools/bin/../lib/gcc/arm-none-eabi/10.3.1/../../../../arm-none-eabi/lib/thumb/v7e-m+fp/hard\libc_nano.a(lib_a-init.o)
                0x000000000810591c                __libc_init_array
 .text.memset   0x0000000008105964       0x10 c:/st/stm32cubeide_1.8.0/stm32cubeide/plugins/com.st.stm32cube.ide.mcu.externaltools.gnu-tools-for-stm32.10.3-2021.10.win32_1.0.0.202111181127/tools/bin/../lib/gcc/arm-none-eabi/10.3.1/../../../../arm-none-eabi/lib/thumb/v7e-m+fp/hard\libc_nano.a(lib_a-memset.o)
                0x0000000008105964                memset
 .text.pow      0x0000000008105974       0xe0 c:/st/stm32cubeide_1.8.0/stm32cubeide/plugins/com.st.stm32cube.ide.mcu.externaltools.gnu-tools-for-stm32.10.3-2021.10.win32_1.0.0.202111181127/tools/bin/../lib/gcc/arm-none-eabi/10.3.1/../../../../arm-none-eabi/lib/thumb/v7e-m+fp/hard\libm.a(lib_a-w_pow.o)
                0x0000000008105974                pow
 *fill*         0x0000000008105a54        0x4 
 .text.__ieee754_pow
                0x0000000008105a58      0xa5c c:/st/stm32cubeide_1.8.0/stm32cubeide/plugins/com.st.stm32cube.ide.mcu.externaltools.gnu-tools-for-stm32.10.3-2021.10.win32_1.0.0.202111181127/tools/bin/../lib/gcc/arm-none-eabi/10.3.1/../../../../arm-none-eabi/lib/thumb/v7e-m+fp/hard\libm.a(lib_a-e_pow.o)
                0x0000000008105a58                __ieee754_pow
 .text.__ieee754_sqrt
                0x00000000081064b4      0x164 c:/st/stm32cubeide_1.8.0/stm32cubeide/plugins/com.st.stm32cube.ide.mcu.externaltools.gnu-tools-for-stm32.10.3-2021.10.win32_1.0.0.202111181127/tools/bin/../lib/gcc/arm-none-eabi/10.3.1/../../../../arm-none-eabi/lib/thumb/v7e-m+fp/hard\libm.a(lib_a-e_sqrt.o)
                0x00000000081064b4                __ieee754_sqrt
 .text.with_errno
                0x0000000008106618       0x14 c:/st/stm32cubeide_1.8.0/stm32cubeide/plugins/com.st.stm32cube.ide.mcu.externaltools.gnu-tools-for-stm32.10.3-2021.10.win32_1.0.0.202111181127/tools/bin/../lib/gcc/arm-none-eabi/10.3.1/../../../../arm-none-eabi/lib/thumb/v7e-m+fp/hard\libm.a(lib_a-math_err.o)
 .text.xflow    0x000000000810662c       0x28 c:/st/stm32cubeide_1.8.0/stm32cubeide/plugins/com.st.stm32cube.ide.mcu.externaltools.gnu-tools-for-stm32.10.3-2021.10.win32_1.0.0.202111181127/tools/bin/../lib/gcc/arm-none-eabi/10.3.1/../../../../arm-none-eabi/lib/thumb/v7e-m+fp/hard\libm.a(lib_a-math_err.o)
 .text.__math_uflow
                0x0000000008106654       0x12 c:/st/stm32cubeide_1.8.0/stm32cubeide/plugins/com.st.stm32cube.ide.mcu.externaltools.gnu-tools-for-stm32.10.3-2021.10.win32_1.0.0.202111181127/tools/bin/../lib/gcc/arm-none-eabi/10.3.1/../../../../arm-none-eabi/lib/thumb/v7e-m+fp/hard\libm.a(lib_a-math_err.o)
                0x0000000008106654                __math_uflow
 .text.__math_oflow
                0x0000000008106666       0x12 c:/st/stm32cubeide_1.8.0/stm32cubeide/plugins/com.st.stm32cube.ide.mcu.externaltools.gnu-tools-for-stm32.10.3-2021.10.win32_1.0.0.202111181127/tools/bin/../lib/gcc/arm-none-eabi/10.3.1/../../../../arm-none-eabi/lib/thumb/v7e-m+fp/hard\libm.a(lib_a-math_err.o)
                0x0000000008106666                __math_oflow
 .text.fabs     0x0000000008106678       0x12 c:/st/stm32cubeide_1.8.0/stm32cubeide/plugins/com.st.stm32cube.ide.mcu.externaltools.gnu-tools-for-stm32.10.3-2021.10.win32_1.0.0.202111181127/tools/bin/../lib/gcc/arm-none-eabi/10.3.1/../../../../arm-none-eabi/lib/thumb/v7e-m+fp/hard\libm.a(lib_a-s_fabs.o)
                0x0000000008106678                fabs
 .text.finite   0x000000000810668a       0x16 c:/st/stm32cubeide_1.8.0/stm32cubeide/plugins/com.st.stm32cube.ide.mcu.externaltools.gnu-tools-for-stm32.10.3-2021.10.win32_1.0.0.202111181127/tools/bin/../lib/gcc/arm-none-eabi/10.3.1/../../../../arm-none-eabi/lib/thumb/v7e-m+fp/hard\libm.a(lib_a-s_finite.o)
                0x000000000810668a                finite
 .text.scalbn   0x00000000081066a0      0x10c c:/st/stm32cubeide_1.8.0/stm32cubeide/plugins/com.st.stm32cube.ide.mcu.externaltools.gnu-tools-for-stm32.10.3-2021.10.win32_1.0.0.202111181127/tools/bin/../lib/gcc/arm-none-eabi/10.3.1/../../../../arm-none-eabi/lib/thumb/v7e-m+fp/hard\libm.a(lib_a-s_scalbn.o)
                0x00000000081066a0                scalbn
 *(.glue_7)
 .glue_7        0x00000000081067ac        0x0 linker stubs
 *(.glue_7t)
 .glue_7t       0x00000000081067ac        0x0 linker stubs
 *(.eh_frame)
 .eh_frame      0x00000000081067ac        0x0 c:/st/stm32cubeide_1.8.0/stm32cubeide/plugins/com.st.stm32cube.ide.mcu.externaltools.gnu-tools-for-stm32.10.3-2021.10.win32_1.0.0.202111181127/tools/bin/../lib/gcc/arm-none-eabi/10.3.1/thumb/v7e-m+fp/hard/crtbegin.o
 *(.init)
 .init          0x00000000081067ac        0x4 c:/st/stm32cubeide_1.8.0/stm32cubeide/plugins/com.st.stm32cube.ide.mcu.externaltools.gnu-tools-for-stm32.10.3-2021.10.win32_1.0.0.202111181127/tools/bin/../lib/gcc/arm-none-eabi/10.3.1/thumb/v7e-m+fp/hard/crti.o
                0x00000000081067ac                _init
 .init          0x00000000081067b0        0x8 c:/st/stm32cubeide_1.8.0/stm32cubeide/plugins/com.st.stm32cube.ide.mcu.externaltools.gnu-tools-for-stm32.10.3-2021.10.win32_1.0.0.202111181127/tools/bin/../lib/gcc/arm-none-eabi/10.3.1/thumb/v7e-m+fp/hard/crtn.o
 *(.fini)
 .fini          0x00000000081067b8        0x4 c:/st/stm32cubeide_1.8.0/stm32cubeide/plugins/com.st.stm32cube.ide.mcu.externaltools.gnu-tools-for-stm32.10.3-2021.10.win32_1.0.0.202111181127/tools/bin/../lib/gcc/arm-none-eabi/10.3.1/thumb/v7e-m+fp/hard/crti.o
                0x00000000081067b8                _fini
 .fini          0x00000000081067bc        0x8 c:/st/stm32cubeide_1.8.0/stm32cubeide/plugins/com.st.stm32cube.ide.mcu.externaltools.gnu-tools-for-stm32.10.3-2021.10.win32_1.0.0.202111181127/tools/bin/../lib/gcc/arm-none-eabi/10.3.1/thumb/v7e-m+fp/hard/crtn.o
                0x00000000081067c4                . = ALIGN (0x4)
                0x00000000081067c4                _etext = .

.vfp11_veneer   0x00000000081067c4        0x0
 .vfp11_veneer  0x00000000081067c4        0x0 linker stubs

.v4_bx          0x00000000081067c4        0x0
 .v4_bx         0x00000000081067c4        0x0 linker stubs

.iplt           0x00000000081067c4        0x0
 .iplt          0x00000000081067c4        0x0 c:/st/stm32cubeide_1.8.0/stm32cubeide/plugins/com.st.stm32cube.ide.mcu.externaltools.gnu-tools-for-stm32.10.3-2021.10.win32_1.0.0.202111181127/tools/bin/../lib/gcc/arm-none-eabi/10.3.1/thumb/v7e-m+fp/hard/crtbegin.o

.rodata         0x00000000081067c8       0x40
                0x00000000081067c8                . = ALIGN (0x4)
 *(.rodata)
 *(.rodata*)
 .rodata.D1CorePrescTable
                0x00000000081067c8       0x10 ./Common/Src/system_stm32h7xx_dualcore_boot_cm4_cm7.o
                0x00000000081067c8                D1CorePrescTable
 .rodata.bp     0x00000000081067d8       0x10 c:/st/stm32cubeide_1.8.0/stm32cubeide/plugins/com.st.stm32cube.ide.mcu.externaltools.gnu-tools-for-stm32.10.3-2021.10.win32_1.0.0.202111181127/tools/bin/../lib/gcc/arm-none-eabi/10.3.1/../../../../arm-none-eabi/lib/thumb/v7e-m+fp/hard\libm.a(lib_a-e_pow.o)
 .rodata.dp_h   0x00000000081067e8       0x10 c:/st/stm32cubeide_1.8.0/stm32cubeide/plugins/com.st.stm32cube.ide.mcu.externaltools.gnu-tools-for-stm32.10.3-2021.10.win32_1.0.0.202111181127/tools/bin/../lib/gcc/arm-none-eabi/10.3.1/../../../../arm-none-eabi/lib/thumb/v7e-m+fp/hard\libm.a(lib_a-e_pow.o)
 .rodata.dp_l   0x00000000081067f8       0x10 c:/st/stm32cubeide_1.8.0/stm32cubeide/plugins/com.st.stm32cube.ide.mcu.externaltools.gnu-tools-for-stm32.10.3-2021.10.win32_1.0.0.202111181127/tools/bin/../lib/gcc/arm-none-eabi/10.3.1/../../../../arm-none-eabi/lib/thumb/v7e-m+fp/hard\libm.a(lib_a-e_pow.o)
                0x0000000008106808                . = ALIGN (0x4)

.rel.dyn        0x0000000008106808        0x0
 .rel.iplt      0x0000000008106808        0x0 c:/st/stm32cubeide_1.8.0/stm32cubeide/plugins/com.st.stm32cube.ide.mcu.externaltools.gnu-tools-for-stm32.10.3-2021.10.win32_1.0.0.202111181127/tools/bin/../lib/gcc/arm-none-eabi/10.3.1/thumb/v7e-m+fp/hard/crtbegin.o

.ARM.extab
 *(.ARM.extab* .gnu.linkonce.armextab.*)

.ARM            0x0000000008106808        0x0
                0x0000000008106808                __exidx_start = .
 *(.ARM.exidx*)
                0x0000000008106808                __exidx_end = .

.preinit_array  0x0000000008106808        0x0
                0x0000000008106808                PROVIDE (__preinit_array_start = .)
 *(.preinit_array*)
                0x0000000008106808                PROVIDE (__preinit_array_end = .)

.init_array     0x0000000008106808        0x4
                0x0000000008106808                PROVIDE (__init_array_start = .)
 *(SORT_BY_NAME(.init_array.*))
 *(.init_array*)
 .init_array    0x0000000008106808        0x4 c:/st/stm32cubeide_1.8.0/stm32cubeide/plugins/com.st.stm32cube.ide.mcu.externaltools.gnu-tools-for-stm32.10.3-2021.10.win32_1.0.0.202111181127/tools/bin/../lib/gcc/arm-none-eabi/10.3.1/thumb/v7e-m+fp/hard/crtbegin.o
                0x000000000810680c                PROVIDE (__init_array_end = .)

.fini_array     0x000000000810680c        0x4
                [!provide]                        PROVIDE (__fini_array_start = .)
 *(SORT_BY_NAME(.fini_array.*))
 *(.fini_array*)
 .fini_array    0x000000000810680c        0x4 c:/st/stm32cubeide_1.8.0/stm32cubeide/plugins/com.st.stm32cube.ide.mcu.externaltools.gnu-tools-for-stm32.10.3-2021.10.win32_1.0.0.202111181127/tools/bin/../lib/gcc/arm-none-eabi/10.3.1/thumb/v7e-m+fp/hard/crtbegin.o
                [!provide]                        PROVIDE (__fini_array_end = .)
                0x0000000008106810                _sidata = LOADADDR (.data)

.data           0x0000000010000000       0x7c load address 0x0000000008106810
                0x0000000010000000                . = ALIGN (0x4)
                0x0000000010000000                _sdata = .
 *(.data)
 *(.data*)
 .data.SystemCoreClock
                0x0000000010000000        0x4 ./Common/Src/system_stm32h7xx_dualcore_boot_cm4_cm7.o
                0x0000000010000000                SystemCoreClock
 .data.SystemD2Clock
                0x0000000010000004        0x4 ./Common/Src/system_stm32h7xx_dualcore_boot_cm4_cm7.o
                0x0000000010000004                SystemD2Clock
 .data.kolom    0x0000000010000008        0x7 ./Core/Src/main.o
                0x0000000010000008                kolom
 *fill*         0x000000001000000f        0x1 
 .data.uwTickPrio
                0x0000000010000010        0x4 ./Drivers/STM32H7xx_HAL_Driver/stm32h7xx_hal.o
                0x0000000010000010                uwTickPrio
 .data.uwTickFreq
                0x0000000010000014        0x1 ./Drivers/STM32H7xx_HAL_Driver/stm32h7xx_hal.o
                0x0000000010000014                uwTickFreq
 *fill*         0x0000000010000015        0x3 
 .data._impure_ptr
                0x0000000010000018        0x4 c:/st/stm32cubeide_1.8.0/stm32cubeide/plugins/com.st.stm32cube.ide.mcu.externaltools.gnu-tools-for-stm32.10.3-2021.10.win32_1.0.0.202111181127/tools/bin/../lib/gcc/arm-none-eabi/10.3.1/../../../../arm-none-eabi/lib/thumb/v7e-m+fp/hard\libc_nano.a(lib_a-impure.o)
                0x0000000010000018                _impure_ptr
 .data.impure_data
                0x000000001000001c       0x60 c:/st/stm32cubeide_1.8.0/stm32cubeide/plugins/com.st.stm32cube.ide.mcu.externaltools.gnu-tools-for-stm32.10.3-2021.10.win32_1.0.0.202111181127/tools/bin/../lib/gcc/arm-none-eabi/10.3.1/../../../../arm-none-eabi/lib/thumb/v7e-m+fp/hard\libc_nano.a(lib_a-impure.o)
 *(.RamFunc)
 *(.RamFunc*)
                0x000000001000007c                . = ALIGN (0x4)
                0x000000001000007c                _edata = .

.igot.plt       0x000000001000007c        0x0 load address 0x000000000810688c
 .igot.plt      0x000000001000007c        0x0 c:/st/stm32cubeide_1.8.0/stm32cubeide/plugins/com.st.stm32cube.ide.mcu.externaltools.gnu-tools-for-stm32.10.3-2021.10.win32_1.0.0.202111181127/tools/bin/../lib/gcc/arm-none-eabi/10.3.1/thumb/v7e-m+fp/hard/crtbegin.o
                0x000000001000007c                . = ALIGN (0x4)

.bss            0x000000001000007c      0x120 load address 0x000000000810688c
                0x000000001000007c                _sbss = .
                0x000000001000007c                __bss_start__ = _sbss
 *(.bss)
 .bss           0x000000001000007c       0x1c c:/st/stm32cubeide_1.8.0/stm32cubeide/plugins/com.st.stm32cube.ide.mcu.externaltools.gnu-tools-for-stm32.10.3-2021.10.win32_1.0.0.202111181127/tools/bin/../lib/gcc/arm-none-eabi/10.3.1/thumb/v7e-m+fp/hard/crtbegin.o
 *(.bss*)
 .bss.hi2c1     0x0000000010000098       0x4c ./Core/Src/i2c.o
                0x0000000010000098                hi2c1
 .bss.S1        0x00000000100000e4        0x8 ./Core/Src/main.o
                0x00000000100000e4                S1
 .bss.valProxy  0x00000000100000ec        0x2 ./Core/Src/main.o
                0x00000000100000ec                valProxy
 *fill*         0x00000000100000ee        0x2 
 .bss.data      0x00000000100000f0        0x2 ./Core/Src/main.o
                0x00000000100000f0                data
 .bss.humanMove
                0x00000000100000f2        0x1 ./Core/Src/main.o
                0x00000000100000f2                humanMove
 .bss.state     0x00000000100000f3        0x1 ./Core/Src/main.o
                0x00000000100000f3                state
 .bss.counter   0x00000000100000f4        0x4 ./Core/Src/main.o
                0x00000000100000f4                counter
 .bss.position_mm
                0x00000000100000f8        0x4 ./Core/Src/main.o
                0x00000000100000f8                position_mm
 .bss.kalibration
                0x00000000100000fc        0x1 ./Core/Src/main.o
                0x00000000100000fc                kalibration
 .bss.slowspeed
                0x00000000100000fd        0x1 ./Core/Src/motorX.o
                0x00000000100000fd                slowspeed
 .bss.homeDone  0x00000000100000fe        0x1 ./Core/Src/motorX.o
                0x00000000100000fe                homeDone
 .bss.i         0x00000000100000ff        0x1 ./Core/Src/motorX.o
                0x00000000100000ff                i
 .bss.htim2     0x0000000010000100       0x4c ./Core/Src/tim.o
                0x0000000010000100                htim2
 .bss.htim3     0x000000001000014c       0x4c ./Core/Src/tim.o
                0x000000001000014c                htim3
 .bss.uwTick    0x0000000010000198        0x4 ./Drivers/STM32H7xx_HAL_Driver/stm32h7xx_hal.o
                0x0000000010000198                uwTick
 *(COMMON)
                0x000000001000019c                . = ALIGN (0x4)
                0x000000001000019c                _ebss = .
                0x000000001000019c                __bss_end__ = _ebss

._user_heap_stack
                0x000000001000019c      0x604 load address 0x000000000810688c
                0x00000000100001a0                . = ALIGN (0x8)
 *fill*         0x000000001000019c        0x4 
                [!provide]                        PROVIDE (end = .)
                0x00000000100001a0                PROVIDE (_end = .)
                0x00000000100003a0                . = (. + _Min_Heap_Size)
 *fill*         0x00000000100001a0      0x200 
                0x00000000100007a0                . = (. + _Min_Stack_Size)
 *fill*         0x00000000100003a0      0x400 
                0x00000000100007a0                . = ALIGN (0x8)

/DISCARD/
 libc.a(*)
 libm.a(*)
 libgcc.a(*)

.SharedData     0x0000000038000000        0xa
                0x0000000038000000                . = ALIGN (0x1)
                0x0000000038000000                . = ABSOLUTE (0x38000000)
 *(.SharedBuffer)
 .SharedBuffer  0x0000000038000000        0xa ./Core/Src/main.o

.ARM.attributes
                0x0000000000000000       0x30
 *(.ARM.attributes)
 .ARM.attributes
                0x0000000000000000       0x1e c:/st/stm32cubeide_1.8.0/stm32cubeide/plugins/com.st.stm32cube.ide.mcu.externaltools.gnu-tools-for-stm32.10.3-2021.10.win32_1.0.0.202111181127/tools/bin/../lib/gcc/arm-none-eabi/10.3.1/thumb/v7e-m+fp/hard/crti.o
 .ARM.attributes
                0x000000000000001e       0x34 c:/st/stm32cubeide_1.8.0/stm32cubeide/plugins/com.st.stm32cube.ide.mcu.externaltools.gnu-tools-for-stm32.10.3-2021.10.win32_1.0.0.202111181127/tools/bin/../lib/gcc/arm-none-eabi/10.3.1/thumb/v7e-m+fp/hard/crtbegin.o
 .ARM.attributes
                0x0000000000000052       0x34 ./Common/Src/system_stm32h7xx_dualcore_boot_cm4_cm7.o
 .ARM.attributes
                0x0000000000000086       0x34 ./Core/Src/VCNL4010.o
 .ARM.attributes
                0x00000000000000ba       0x34 ./Core/Src/gpio.o
 .ARM.attributes
                0x00000000000000ee       0x34 ./Core/Src/i2c.o
 .ARM.attributes
                0x0000000000000122       0x34 ./Core/Src/i2c_dev.o
 .ARM.attributes
                0x0000000000000156       0x34 ./Core/Src/main.o
 .ARM.attributes
                0x000000000000018a       0x34 ./Core/Src/motorX.o
 .ARM.attributes
                0x00000000000001be       0x34 ./Core/Src/motor_master.o
 .ARM.attributes
                0x00000000000001f2       0x34 ./Core/Src/stm32h7xx_hal_msp.o
 .ARM.attributes
                0x0000000000000226       0x34 ./Core/Src/stm32h7xx_it.o
 .ARM.attributes
                0x000000000000025a       0x34 ./Core/Src/tim.o
 .ARM.attributes
                0x000000000000028e       0x21 ./Core/Startup/startup_stm32h755zitx.o
 .ARM.attributes
                0x00000000000002af       0x34 ./Drivers/STM32H7xx_HAL_Driver/stm32h7xx_hal.o
 .ARM.attributes
                0x00000000000002e3       0x34 ./Drivers/STM32H7xx_HAL_Driver/stm32h7xx_hal_cortex.o
 .ARM.attributes
                0x0000000000000317       0x34 ./Drivers/STM32H7xx_HAL_Driver/stm32h7xx_hal_gpio.o
 .ARM.attributes
                0x000000000000034b       0x34 ./Drivers/STM32H7xx_HAL_Driver/stm32h7xx_hal_hsem.o
 .ARM.attributes
                0x000000000000037f       0x34 ./Drivers/STM32H7xx_HAL_Driver/stm32h7xx_hal_i2c.o
 .ARM.attributes
                0x00000000000003b3       0x34 ./Drivers/STM32H7xx_HAL_Driver/stm32h7xx_hal_i2c_ex.o
 .ARM.attributes
                0x00000000000003e7       0x34 ./Drivers/STM32H7xx_HAL_Driver/stm32h7xx_hal_pwr_ex.o
 .ARM.attributes
                0x000000000000041b       0x34 ./Drivers/STM32H7xx_HAL_Driver/stm32h7xx_hal_rcc.o
 .ARM.attributes
                0x000000000000044f       0x34 ./Drivers/STM32H7xx_HAL_Driver/stm32h7xx_hal_rcc_ex.o
 .ARM.attributes
                0x0000000000000483       0x34 ./Drivers/STM32H7xx_HAL_Driver/stm32h7xx_hal_tim.o
 .ARM.attributes
                0x00000000000004b7       0x34 ./Drivers/STM32H7xx_HAL_Driver/stm32h7xx_hal_tim_ex.o
 .ARM.attributes
                0x00000000000004eb       0x34 c:/st/stm32cubeide_1.8.0/stm32cubeide/plugins/com.st.stm32cube.ide.mcu.externaltools.gnu-tools-for-stm32.10.3-2021.10.win32_1.0.0.202111181127/tools/bin/../lib/gcc/arm-none-eabi/10.3.1/../../../../arm-none-eabi/lib/thumb/v7e-m+fp/hard\libc_nano.a(lib_a-errno.o)
 .ARM.attributes
                0x000000000000051f       0x34 c:/st/stm32cubeide_1.8.0/stm32cubeide/plugins/com.st.stm32cube.ide.mcu.externaltools.gnu-tools-for-stm32.10.3-2021.10.win32_1.0.0.202111181127/tools/bin/../lib/gcc/arm-none-eabi/10.3.1/../../../../arm-none-eabi/lib/thumb/v7e-m+fp/hard\libc_nano.a(lib_a-impure.o)
 .ARM.attributes
                0x0000000000000553       0x34 c:/st/stm32cubeide_1.8.0/stm32cubeide/plugins/com.st.stm32cube.ide.mcu.externaltools.gnu-tools-for-stm32.10.3-2021.10.win32_1.0.0.202111181127/tools/bin/../lib/gcc/arm-none-eabi/10.3.1/../../../../arm-none-eabi/lib/thumb/v7e-m+fp/hard\libc_nano.a(lib_a-init.o)
 .ARM.attributes
                0x0000000000000587       0x34 c:/st/stm32cubeide_1.8.0/stm32cubeide/plugins/com.st.stm32cube.ide.mcu.externaltools.gnu-tools-for-stm32.10.3-2021.10.win32_1.0.0.202111181127/tools/bin/../lib/gcc/arm-none-eabi/10.3.1/../../../../arm-none-eabi/lib/thumb/v7e-m+fp/hard\libc_nano.a(lib_a-memset.o)
 .ARM.attributes
                0x00000000000005bb       0x34 c:/st/stm32cubeide_1.8.0/stm32cubeide/plugins/com.st.stm32cube.ide.mcu.externaltools.gnu-tools-for-stm32.10.3-2021.10.win32_1.0.0.202111181127/tools/bin/../lib/gcc/arm-none-eabi/10.3.1/../../../../arm-none-eabi/lib/thumb/v7e-m+fp/hard\libm.a(lib_a-w_pow.o)
 .ARM.attributes
                0x00000000000005ef       0x34 c:/st/stm32cubeide_1.8.0/stm32cubeide/plugins/com.st.stm32cube.ide.mcu.externaltools.gnu-tools-for-stm32.10.3-2021.10.win32_1.0.0.202111181127/tools/bin/../lib/gcc/arm-none-eabi/10.3.1/../../../../arm-none-eabi/lib/thumb/v7e-m+fp/hard\libm.a(lib_a-e_pow.o)
 .ARM.attributes
                0x0000000000000623       0x34 c:/st/stm32cubeide_1.8.0/stm32cubeide/plugins/com.st.stm32cube.ide.mcu.externaltools.gnu-tools-for-stm32.10.3-2021.10.win32_1.0.0.202111181127/tools/bin/../lib/gcc/arm-none-eabi/10.3.1/../../../../arm-none-eabi/lib/thumb/v7e-m+fp/hard\libm.a(lib_a-e_sqrt.o)
 .ARM.attributes
                0x0000000000000657       0x34 c:/st/stm32cubeide_1.8.0/stm32cubeide/plugins/com.st.stm32cube.ide.mcu.externaltools.gnu-tools-for-stm32.10.3-2021.10.win32_1.0.0.202111181127/tools/bin/../lib/gcc/arm-none-eabi/10.3.1/../../../../arm-none-eabi/lib/thumb/v7e-m+fp/hard\libm.a(lib_a-math_err.o)
 .ARM.attributes
                0x000000000000068b       0x34 c:/st/stm32cubeide_1.8.0/stm32cubeide/plugins/com.st.stm32cube.ide.mcu.externaltools.gnu-tools-for-stm32.10.3-2021.10.win32_1.0.0.202111181127/tools/bin/../lib/gcc/arm-none-eabi/10.3.1/../../../../arm-none-eabi/lib/thumb/v7e-m+fp/hard\libm.a(lib_a-s_fabs.o)
 .ARM.attributes
                0x00000000000006bf       0x34 c:/st/stm32cubeide_1.8.0/stm32cubeide/plugins/com.st.stm32cube.ide.mcu.externaltools.gnu-tools-for-stm32.10.3-2021.10.win32_1.0.0.202111181127/tools/bin/../lib/gcc/arm-none-eabi/10.3.1/../../../../arm-none-eabi/lib/thumb/v7e-m+fp/hard\libm.a(lib_a-s_finite.o)
 .ARM.attributes
                0x00000000000006f3       0x34 c:/st/stm32cubeide_1.8.0/stm32cubeide/plugins/com.st.stm32cube.ide.mcu.externaltools.gnu-tools-for-stm32.10.3-2021.10.win32_1.0.0.202111181127/tools/bin/../lib/gcc/arm-none-eabi/10.3.1/../../../../arm-none-eabi/lib/thumb/v7e-m+fp/hard\libm.a(lib_a-s_scalbn.o)
 .ARM.attributes
                0x0000000000000727       0x1e c:/st/stm32cubeide_1.8.0/stm32cubeide/plugins/com.st.stm32cube.ide.mcu.externaltools.gnu-tools-for-stm32.10.3-2021.10.win32_1.0.0.202111181127/tools/bin/../lib/gcc/arm-none-eabi/10.3.1/thumb/v7e-m+fp/hard\libgcc.a(_arm_addsubdf3.o)
 .ARM.attributes
                0x0000000000000745       0x1e c:/st/stm32cubeide_1.8.0/stm32cubeide/plugins/com.st.stm32cube.ide.mcu.externaltools.gnu-tools-for-stm32.10.3-2021.10.win32_1.0.0.202111181127/tools/bin/../lib/gcc/arm-none-eabi/10.3.1/thumb/v7e-m+fp/hard\libgcc.a(_arm_muldivdf3.o)
 .ARM.attributes
                0x0000000000000763       0x1e c:/st/stm32cubeide_1.8.0/stm32cubeide/plugins/com.st.stm32cube.ide.mcu.externaltools.gnu-tools-for-stm32.10.3-2021.10.win32_1.0.0.202111181127/tools/bin/../lib/gcc/arm-none-eabi/10.3.1/thumb/v7e-m+fp/hard\libgcc.a(_arm_cmpdf2.o)
 .ARM.attributes
                0x0000000000000781       0x1e c:/st/stm32cubeide_1.8.0/stm32cubeide/plugins/com.st.stm32cube.ide.mcu.externaltools.gnu-tools-for-stm32.10.3-2021.10.win32_1.0.0.202111181127/tools/bin/../lib/gcc/arm-none-eabi/10.3.1/thumb/v7e-m+fp/hard\libgcc.a(_arm_unorddf2.o)
 .ARM.attributes
                0x000000000000079f       0x1e c:/st/stm32cubeide_1.8.0/stm32cubeide/plugins/com.st.stm32cube.ide.mcu.externaltools.gnu-tools-for-stm32.10.3-2021.10.win32_1.0.0.202111181127/tools/bin/../lib/gcc/arm-none-eabi/10.3.1/thumb/v7e-m+fp/hard\libgcc.a(_arm_fixunsdfsi.o)
 .ARM.attributes
                0x00000000000007bd       0x1e c:/st/stm32cubeide_1.8.0/stm32cubeide/plugins/com.st.stm32cube.ide.mcu.externaltools.gnu-tools-for-stm32.10.3-2021.10.win32_1.0.0.202111181127/tools/bin/../lib/gcc/arm-none-eabi/10.3.1/thumb/v7e-m+fp/hard/crtn.o
OUTPUT(4in1row_Demo_CM4.elf elf32-littlearm)
LOAD linker stubs
LOAD c:/st/stm32cubeide_1.8.0/stm32cubeide/plugins/com.st.stm32cube.ide.mcu.externaltools.gnu-tools-for-stm32.10.3-2021.10.win32_1.0.0.202111181127/tools/bin/../lib/gcc/arm-none-eabi/10.3.1/../../../../arm-none-eabi/lib/thumb/v7e-m+fp/hard\libc.a
LOAD c:/st/stm32cubeide_1.8.0/stm32cubeide/plugins/com.st.stm32cube.ide.mcu.externaltools.gnu-tools-for-stm32.10.3-2021.10.win32_1.0.0.202111181127/tools/bin/../lib/gcc/arm-none-eabi/10.3.1/../../../../arm-none-eabi/lib/thumb/v7e-m+fp/hard\libm.a
LOAD c:/st/stm32cubeide_1.8.0/stm32cubeide/plugins/com.st.stm32cube.ide.mcu.externaltools.gnu-tools-for-stm32.10.3-2021.10.win32_1.0.0.202111181127/tools/bin/../lib/gcc/arm-none-eabi/10.3.1/thumb/v7e-m+fp/hard\libgcc.a

.debug_info     0x0000000000000000    0x1628b
 .debug_info    0x0000000000000000      0x779 ./Common/Src/system_stm32h7xx_dualcore_boot_cm4_cm7.o
 .debug_info    0x0000000000000779      0x8dd ./Core/Src/VCNL4010.o
 .debug_info    0x0000000000001056      0xa8f ./Core/Src/gpio.o
 .debug_info    0x0000000000001ae5     0x1024 ./Core/Src/i2c.o
 .debug_info    0x0000000000002b09      0x918 ./Core/Src/i2c_dev.o
 .debug_info    0x0000000000003421     0x15b7 ./Core/Src/main.o
 .debug_info    0x00000000000049d8      0xabb ./Core/Src/motorX.o
 .debug_info    0x0000000000005493      0x185 ./Core/Src/motor_master.o
 .debug_info    0x0000000000005618      0x88b ./Core/Src/stm32h7xx_hal_msp.o
 .debug_info    0x0000000000005ea3      0x8bc ./Core/Src/stm32h7xx_it.o
 .debug_info    0x000000000000675f     0x14b0 ./Core/Src/tim.o
 .debug_info    0x0000000000007c0f       0x22 ./Core/Startup/startup_stm32h755zitx.o
 .debug_info    0x0000000000007c31     0x186b ./Drivers/STM32H7xx_HAL_Driver/stm32h7xx_hal.o
 .debug_info    0x000000000000949c      0xfb2 ./Drivers/STM32H7xx_HAL_Driver/stm32h7xx_hal_cortex.o
 .debug_info    0x000000000000a44e      0xde0 ./Drivers/STM32H7xx_HAL_Driver/stm32h7xx_hal_gpio.o
 .debug_info    0x000000000000b22e      0x3fd ./Drivers/STM32H7xx_HAL_Driver/stm32h7xx_hal_hsem.o
 .debug_info    0x000000000000b62b     0x23b3 ./Drivers/STM32H7xx_HAL_Driver/stm32h7xx_hal_i2c.o
 .debug_info    0x000000000000d9de      0xe39 ./Drivers/STM32H7xx_HAL_Driver/stm32h7xx_hal_i2c_ex.o
 .debug_info    0x000000000000e817     0x10d3 ./Drivers/STM32H7xx_HAL_Driver/stm32h7xx_hal_pwr_ex.o
 .debug_info    0x000000000000f8ea      0xf48 ./Drivers/STM32H7xx_HAL_Driver/stm32h7xx_hal_rcc.o
 .debug_info    0x0000000000010832     0x1394 ./Drivers/STM32H7xx_HAL_Driver/stm32h7xx_hal_rcc_ex.o
 .debug_info    0x0000000000011bc6     0x2dd1 ./Drivers/STM32H7xx_HAL_Driver/stm32h7xx_hal_tim.o
 .debug_info    0x0000000000014997     0x18f4 ./Drivers/STM32H7xx_HAL_Driver/stm32h7xx_hal_tim_ex.o

.debug_abbrev   0x0000000000000000     0x2d94
 .debug_abbrev  0x0000000000000000      0x136 ./Common/Src/system_stm32h7xx_dualcore_boot_cm4_cm7.o
 .debug_abbrev  0x0000000000000136      0x1da ./Core/Src/VCNL4010.o
 .debug_abbrev  0x0000000000000310      0x184 ./Core/Src/gpio.o
 .debug_abbrev  0x0000000000000494      0x237 ./Core/Src/i2c.o
 .debug_abbrev  0x00000000000006cb      0x17f ./Core/Src/i2c_dev.o
 .debug_abbrev  0x000000000000084a      0x2d8 ./Core/Src/main.o
 .debug_abbrev  0x0000000000000b22      0x255 ./Core/Src/motorX.o
 .debug_abbrev  0x0000000000000d77       0xdf ./Core/Src/motor_master.o
 .debug_abbrev  0x0000000000000e56      0x11b ./Core/Src/stm32h7xx_hal_msp.o
 .debug_abbrev  0x0000000000000f71      0x197 ./Core/Src/stm32h7xx_it.o
 .debug_abbrev  0x0000000000001108      0x24d ./Core/Src/tim.o
 .debug_abbrev  0x0000000000001355       0x12 ./Core/Startup/startup_stm32h755zitx.o
 .debug_abbrev  0x0000000000001367      0x292 ./Drivers/STM32H7xx_HAL_Driver/stm32h7xx_hal.o
 .debug_abbrev  0x00000000000015f9      0x329 ./Drivers/STM32H7xx_HAL_Driver/stm32h7xx_hal_cortex.o
 .debug_abbrev  0x0000000000001922      0x1ec ./Drivers/STM32H7xx_HAL_Driver/stm32h7xx_hal_gpio.o
 .debug_abbrev  0x0000000000001b0e      0x1d0 ./Drivers/STM32H7xx_HAL_Driver/stm32h7xx_hal_hsem.o
 .debug_abbrev  0x0000000000001cde      0x243 ./Drivers/STM32H7xx_HAL_Driver/stm32h7xx_hal_i2c.o
 .debug_abbrev  0x0000000000001f21      0x1e1 ./Drivers/STM32H7xx_HAL_Driver/stm32h7xx_hal_i2c_ex.o
 .debug_abbrev  0x0000000000002102      0x2bc ./Drivers/STM32H7xx_HAL_Driver/stm32h7xx_hal_pwr_ex.o
 .debug_abbrev  0x00000000000023be      0x2b8 ./Drivers/STM32H7xx_HAL_Driver/stm32h7xx_hal_rcc.o
 .debug_abbrev  0x0000000000002676      0x25c ./Drivers/STM32H7xx_HAL_Driver/stm32h7xx_hal_rcc_ex.o
 .debug_abbrev  0x00000000000028d2      0x25d ./Drivers/STM32H7xx_HAL_Driver/stm32h7xx_hal_tim.o
 .debug_abbrev  0x0000000000002b2f      0x265 ./Drivers/STM32H7xx_HAL_Driver/stm32h7xx_hal_tim_ex.o

.debug_aranges  0x0000000000000000     0x11a8
 .debug_aranges
                0x0000000000000000       0x28 ./Common/Src/system_stm32h7xx_dualcore_boot_cm4_cm7.o
 .debug_aranges
                0x0000000000000028       0x30 ./Core/Src/VCNL4010.o
 .debug_aranges
                0x0000000000000058       0x20 ./Core/Src/gpio.o
 .debug_aranges
                0x0000000000000078       0x30 ./Core/Src/i2c.o
 .debug_aranges
                0x00000000000000a8       0x30 ./Core/Src/i2c_dev.o
 .debug_aranges
                0x00000000000000d8       0x30 ./Core/Src/main.o
 .debug_aranges
                0x0000000000000108       0x40 ./Core/Src/motorX.o
 .debug_aranges
                0x0000000000000148       0x30 ./Core/Src/motor_master.o
 .debug_aranges
                0x0000000000000178       0x20 ./Core/Src/stm32h7xx_hal_msp.o
 .debug_aranges
                0x0000000000000198       0x78 ./Core/Src/stm32h7xx_it.o
 .debug_aranges
                0x0000000000000210       0x50 ./Core/Src/tim.o
 .debug_aranges
                0x0000000000000260       0x28 ./Core/Startup/startup_stm32h755zitx.o
 .debug_aranges
                0x0000000000000288      0x200 ./Drivers/STM32H7xx_HAL_Driver/stm32h7xx_hal.o
 .debug_aranges
                0x0000000000000488      0x120 ./Drivers/STM32H7xx_HAL_Driver/stm32h7xx_hal_cortex.o
 .debug_aranges
                0x00000000000005a8       0x58 ./Drivers/STM32H7xx_HAL_Driver/stm32h7xx_hal_gpio.o
 .debug_aranges
                0x0000000000000600       0x70 ./Drivers/STM32H7xx_HAL_Driver/stm32h7xx_hal_hsem.o
 .debug_aranges
                0x0000000000000670      0x290 ./Drivers/STM32H7xx_HAL_Driver/stm32h7xx_hal_i2c.o
 .debug_aranges
                0x0000000000000900       0x48 ./Drivers/STM32H7xx_HAL_Driver/stm32h7xx_hal_i2c_ex.o
 .debug_aranges
                0x0000000000000948      0x170 ./Drivers/STM32H7xx_HAL_Driver/stm32h7xx_hal_pwr_ex.o
 .debug_aranges
                0x0000000000000ab8       0x88 ./Drivers/STM32H7xx_HAL_Driver/stm32h7xx_hal_rcc.o
 .debug_aranges
                0x0000000000000b40      0x100 ./Drivers/STM32H7xx_HAL_Driver/stm32h7xx_hal_rcc_ex.o
 .debug_aranges
                0x0000000000000c40      0x3e0 ./Drivers/STM32H7xx_HAL_Driver/stm32h7xx_hal_tim.o
 .debug_aranges
                0x0000000000001020      0x188 ./Drivers/STM32H7xx_HAL_Driver/stm32h7xx_hal_tim_ex.o

.debug_ranges   0x0000000000000000     0x1040
 .debug_ranges  0x0000000000000000       0x18 ./Common/Src/system_stm32h7xx_dualcore_boot_cm4_cm7.o
 .debug_ranges  0x0000000000000018       0x20 ./Core/Src/VCNL4010.o
 .debug_ranges  0x0000000000000038       0x10 ./Core/Src/gpio.o
 .debug_ranges  0x0000000000000048       0x20 ./Core/Src/i2c.o
 .debug_ranges  0x0000000000000068       0x20 ./Core/Src/i2c_dev.o
 .debug_ranges  0x0000000000000088       0x20 ./Core/Src/main.o
 .debug_ranges  0x00000000000000a8       0x30 ./Core/Src/motorX.o
 .debug_ranges  0x00000000000000d8       0x20 ./Core/Src/motor_master.o
 .debug_ranges  0x00000000000000f8       0x10 ./Core/Src/stm32h7xx_hal_msp.o
 .debug_ranges  0x0000000000000108       0x68 ./Core/Src/stm32h7xx_it.o
 .debug_ranges  0x0000000000000170       0x40 ./Core/Src/tim.o
 .debug_ranges  0x00000000000001b0       0x20 ./Core/Startup/startup_stm32h755zitx.o
 .debug_ranges  0x00000000000001d0      0x1f0 ./Drivers/STM32H7xx_HAL_Driver/stm32h7xx_hal.o
 .debug_ranges  0x00000000000003c0      0x110 ./Drivers/STM32H7xx_HAL_Driver/stm32h7xx_hal_cortex.o
 .debug_ranges  0x00000000000004d0       0x48 ./Drivers/STM32H7xx_HAL_Driver/stm32h7xx_hal_gpio.o
 .debug_ranges  0x0000000000000518       0x60 ./Drivers/STM32H7xx_HAL_Driver/stm32h7xx_hal_hsem.o
 .debug_ranges  0x0000000000000578      0x280 ./Drivers/STM32H7xx_HAL_Driver/stm32h7xx_hal_i2c.o
 .debug_ranges  0x00000000000007f8       0x38 ./Drivers/STM32H7xx_HAL_Driver/stm32h7xx_hal_i2c_ex.o
 .debug_ranges  0x0000000000000830      0x160 ./Drivers/STM32H7xx_HAL_Driver/stm32h7xx_hal_pwr_ex.o
 .debug_ranges  0x0000000000000990       0x78 ./Drivers/STM32H7xx_HAL_Driver/stm32h7xx_hal_rcc.o
 .debug_ranges  0x0000000000000a08       0xf0 ./Drivers/STM32H7xx_HAL_Driver/stm32h7xx_hal_rcc_ex.o
 .debug_ranges  0x0000000000000af8      0x3d0 ./Drivers/STM32H7xx_HAL_Driver/stm32h7xx_hal_tim.o
 .debug_ranges  0x0000000000000ec8      0x178 ./Drivers/STM32H7xx_HAL_Driver/stm32h7xx_hal_tim_ex.o

.debug_macro    0x0000000000000000    0x3bbc8
 .debug_macro   0x0000000000000000      0x2aa ./Common/Src/system_stm32h7xx_dualcore_boot_cm4_cm7.o
 .debug_macro   0x00000000000002aa      0xa7e ./Common/Src/system_stm32h7xx_dualcore_boot_cm4_cm7.o
 .debug_macro   0x0000000000000d28       0x2e ./Common/Src/system_stm32h7xx_dualcore_boot_cm4_cm7.o
 .debug_macro   0x0000000000000d56       0x3b ./Common/Src/system_stm32h7xx_dualcore_boot_cm4_cm7.o
 .debug_macro   0x0000000000000d91       0x22 ./Common/Src/system_stm32h7xx_dualcore_boot_cm4_cm7.o
 .debug_macro   0x0000000000000db3       0x8e ./Common/Src/system_stm32h7xx_dualcore_boot_cm4_cm7.o
 .debug_macro   0x0000000000000e41       0x51 ./Common/Src/system_stm32h7xx_dualcore_boot_cm4_cm7.o
 .debug_macro   0x0000000000000e92      0x103 ./Common/Src/system_stm32h7xx_dualcore_boot_cm4_cm7.o
 .debug_macro   0x0000000000000f95       0x6a ./Common/Src/system_stm32h7xx_dualcore_boot_cm4_cm7.o
 .debug_macro   0x0000000000000fff      0x1df ./Common/Src/system_stm32h7xx_dualcore_boot_cm4_cm7.o
 .debug_macro   0x00000000000011de       0x1c ./Common/Src/system_stm32h7xx_dualcore_boot_cm4_cm7.o
 .debug_macro   0x00000000000011fa       0x22 ./Common/Src/system_stm32h7xx_dualcore_boot_cm4_cm7.o
 .debug_macro   0x000000000000121c       0xfb ./Common/Src/system_stm32h7xx_dualcore_boot_cm4_cm7.o
 .debug_macro   0x0000000000001317     0x1011 ./Common/Src/system_stm32h7xx_dualcore_boot_cm4_cm7.o
 .debug_macro   0x0000000000002328      0x11f ./Common/Src/system_stm32h7xx_dualcore_boot_cm4_cm7.o
 .debug_macro   0x0000000000002447    0x2736c ./Common/Src/system_stm32h7xx_dualcore_boot_cm4_cm7.o
 .debug_macro   0x00000000000297b3       0x6d ./Common/Src/system_stm32h7xx_dualcore_boot_cm4_cm7.o
 .debug_macro   0x0000000000029820      0x238 ./Common/Src/system_stm32h7xx_dualcore_boot_cm4_cm7.o
 .debug_macro   0x0000000000029a58     0x3d22 ./Common/Src/system_stm32h7xx_dualcore_boot_cm4_cm7.o
 .debug_macro   0x000000000002d77a      0x174 ./Common/Src/system_stm32h7xx_dualcore_boot_cm4_cm7.o
 .debug_macro   0x000000000002d8ee       0x52 ./Common/Src/system_stm32h7xx_dualcore_boot_cm4_cm7.o
 .debug_macro   0x000000000002d940       0x1e ./Common/Src/system_stm32h7xx_dualcore_boot_cm4_cm7.o
 .debug_macro   0x000000000002d95e       0x3c ./Common/Src/system_stm32h7xx_dualcore_boot_cm4_cm7.o
 .debug_macro   0x000000000002d99a       0x34 ./Common/Src/system_stm32h7xx_dualcore_boot_cm4_cm7.o
 .debug_macro   0x000000000002d9ce       0x16 ./Common/Src/system_stm32h7xx_dualcore_boot_cm4_cm7.o
 .debug_macro   0x000000000002d9e4       0x43 ./Common/Src/system_stm32h7xx_dualcore_boot_cm4_cm7.o
 .debug_macro   0x000000000002da27       0x34 ./Common/Src/system_stm32h7xx_dualcore_boot_cm4_cm7.o
 .debug_macro   0x000000000002da5b       0x10 ./Common/Src/system_stm32h7xx_dualcore_boot_cm4_cm7.o
 .debug_macro   0x000000000002da6b       0x58 ./Common/Src/system_stm32h7xx_dualcore_boot_cm4_cm7.o
 .debug_macro   0x000000000002dac3       0x71 ./Common/Src/system_stm32h7xx_dualcore_boot_cm4_cm7.o
 .debug_macro   0x000000000002db34       0x1c ./Common/Src/system_stm32h7xx_dualcore_boot_cm4_cm7.o
 .debug_macro   0x000000000002db50      0x12a ./Common/Src/system_stm32h7xx_dualcore_boot_cm4_cm7.o
 .debug_macro   0x000000000002dc7a      0x341 ./Common/Src/system_stm32h7xx_dualcore_boot_cm4_cm7.o
 .debug_macro   0x000000000002dfbb      0x19b ./Common/Src/system_stm32h7xx_dualcore_boot_cm4_cm7.o
 .debug_macro   0x000000000002e156       0x5d ./Common/Src/system_stm32h7xx_dualcore_boot_cm4_cm7.o
 .debug_macro   0x000000000002e1b3     0x3b99 ./Common/Src/system_stm32h7xx_dualcore_boot_cm4_cm7.o
 .debug_macro   0x0000000000031d4c     0x1048 ./Common/Src/system_stm32h7xx_dualcore_boot_cm4_cm7.o
 .debug_macro   0x0000000000032d94      0x14d ./Common/Src/system_stm32h7xx_dualcore_boot_cm4_cm7.o
 .debug_macro   0x0000000000032ee1      0x130 ./Common/Src/system_stm32h7xx_dualcore_boot_cm4_cm7.o
 .debug_macro   0x0000000000033011      0x3be ./Common/Src/system_stm32h7xx_dualcore_boot_cm4_cm7.o
 .debug_macro   0x00000000000333cf       0xac ./Common/Src/system_stm32h7xx_dualcore_boot_cm4_cm7.o
 .debug_macro   0x000000000003347b      0x72d ./Common/Src/system_stm32h7xx_dualcore_boot_cm4_cm7.o
 .debug_macro   0x0000000000033ba8      0x228 ./Common/Src/system_stm32h7xx_dualcore_boot_cm4_cm7.o
 .debug_macro   0x0000000000033dd0       0x66 ./Common/Src/system_stm32h7xx_dualcore_boot_cm4_cm7.o
 .debug_macro   0x0000000000033e36      0x3bb ./Common/Src/system_stm32h7xx_dualcore_boot_cm4_cm7.o
 .debug_macro   0x00000000000341f1      0xa95 ./Common/Src/system_stm32h7xx_dualcore_boot_cm4_cm7.o
 .debug_macro   0x0000000000034c86      0x129 ./Common/Src/system_stm32h7xx_dualcore_boot_cm4_cm7.o
 .debug_macro   0x0000000000034daf      0x407 ./Common/Src/system_stm32h7xx_dualcore_boot_cm4_cm7.o
 .debug_macro   0x00000000000351b6      0x244 ./Common/Src/system_stm32h7xx_dualcore_boot_cm4_cm7.o
 .debug_macro   0x00000000000353fa      0x3ca ./Common/Src/system_stm32h7xx_dualcore_boot_cm4_cm7.o
 .debug_macro   0x00000000000357c4      0x4a2 ./Common/Src/system_stm32h7xx_dualcore_boot_cm4_cm7.o
 .debug_macro   0x0000000000035c66       0x51 ./Common/Src/system_stm32h7xx_dualcore_boot_cm4_cm7.o
 .debug_macro   0x0000000000035cb7       0x4a ./Common/Src/system_stm32h7xx_dualcore_boot_cm4_cm7.o
 .debug_macro   0x0000000000035d01      0x22c ./Common/Src/system_stm32h7xx_dualcore_boot_cm4_cm7.o
 .debug_macro   0x0000000000035f2d       0x67 ./Common/Src/system_stm32h7xx_dualcore_boot_cm4_cm7.o
 .debug_macro   0x0000000000035f94       0xa5 ./Common/Src/system_stm32h7xx_dualcore_boot_cm4_cm7.o
 .debug_macro   0x0000000000036039      0x218 ./Common/Src/system_stm32h7xx_dualcore_boot_cm4_cm7.o
 .debug_macro   0x0000000000036251      0x2ea ./Common/Src/system_stm32h7xx_dualcore_boot_cm4_cm7.o
 .debug_macro   0x000000000003653b       0x35 ./Common/Src/system_stm32h7xx_dualcore_boot_cm4_cm7.o
 .debug_macro   0x0000000000036570      0xaec ./Common/Src/system_stm32h7xx_dualcore_boot_cm4_cm7.o
 .debug_macro   0x000000000003705c      0x29f ./Common/Src/system_stm32h7xx_dualcore_boot_cm4_cm7.o
 .debug_macro   0x00000000000372fb      0x798 ./Common/Src/system_stm32h7xx_dualcore_boot_cm4_cm7.o
 .debug_macro   0x0000000000037a93      0x346 ./Core/Src/VCNL4010.o
 .debug_macro   0x0000000000037dd9       0x16 ./Core/Src/VCNL4010.o
 .debug_macro   0x0000000000037def      0x10e ./Core/Src/VCNL4010.o
 .debug_macro   0x0000000000037efd       0x8d ./Core/Src/VCNL4010.o
 .debug_macro   0x0000000000037f8a       0x16 ./Core/Src/VCNL4010.o
 .debug_macro   0x0000000000037fa0       0x29 ./Core/Src/VCNL4010.o
 .debug_macro   0x0000000000037fc9       0x46 ./Core/Src/VCNL4010.o
 .debug_macro   0x000000000003800f       0x16 ./Core/Src/VCNL4010.o
 .debug_macro   0x0000000000038025       0x35 ./Core/Src/VCNL4010.o
 .debug_macro   0x000000000003805a       0x20 ./Core/Src/VCNL4010.o
 .debug_macro   0x000000000003807a       0x16 ./Core/Src/VCNL4010.o
 .debug_macro   0x0000000000038090      0x2c3 ./Core/Src/gpio.o
 .debug_macro   0x0000000000038353      0x2f3 ./Core/Src/i2c.o
 .debug_macro   0x0000000000038646      0x303 ./Core/Src/i2c_dev.o
 .debug_macro   0x0000000000038949      0x394 ./Core/Src/main.o
 .debug_macro   0x0000000000038cdd       0x88 ./Core/Src/main.o
 .debug_macro   0x0000000000038d65       0x8e ./Core/Src/main.o
 .debug_macro   0x0000000000038df3      0x33b ./Core/Src/motorX.o
 .debug_macro   0x000000000003912e      0x345 ./Core/Src/motor_master.o
 .debug_macro   0x0000000000039473      0x2b9 ./Core/Src/stm32h7xx_hal_msp.o
 .debug_macro   0x000000000003972c      0x2c3 ./Core/Src/stm32h7xx_it.o
 .debug_macro   0x00000000000399ef      0x2f3 ./Core/Src/tim.o
 .debug_macro   0x0000000000039ce2      0x2d4 ./Drivers/STM32H7xx_HAL_Driver/stm32h7xx_hal.o
 .debug_macro   0x0000000000039fb6      0x2aa ./Drivers/STM32H7xx_HAL_Driver/stm32h7xx_hal_cortex.o
 .debug_macro   0x000000000003a260      0x2be ./Drivers/STM32H7xx_HAL_Driver/stm32h7xx_hal_gpio.o
 .debug_macro   0x000000000003a51e      0x2bc ./Drivers/STM32H7xx_HAL_Driver/stm32h7xx_hal_hsem.o
 .debug_macro   0x000000000003a7da      0x376 ./Drivers/STM32H7xx_HAL_Driver/stm32h7xx_hal_i2c.o
 .debug_macro   0x000000000003ab50      0x2aa ./Drivers/STM32H7xx_HAL_Driver/stm32h7xx_hal_i2c_ex.o
 .debug_macro   0x000000000003adfa      0x2e3 ./Drivers/STM32H7xx_HAL_Driver/stm32h7xx_hal_pwr_ex.o
 .debug_macro   0x000000000003b0dd      0x2ce ./Drivers/STM32H7xx_HAL_Driver/stm32h7xx_hal_rcc.o
 .debug_macro   0x000000000003b3ab      0x2c8 ./Drivers/STM32H7xx_HAL_Driver/stm32h7xx_hal_rcc_ex.o
 .debug_macro   0x000000000003b673      0x2ab ./Drivers/STM32H7xx_HAL_Driver/stm32h7xx_hal_tim.o
 .debug_macro   0x000000000003b91e      0x2aa ./Drivers/STM32H7xx_HAL_Driver/stm32h7xx_hal_tim_ex.o

.debug_line     0x0000000000000000    0x17ab6
 .debug_line    0x0000000000000000      0x9d6 ./Common/Src/system_stm32h7xx_dualcore_boot_cm4_cm7.o
 .debug_line    0x00000000000009d6      0x91b ./Core/Src/VCNL4010.o
 .debug_line    0x00000000000012f1      0x889 ./Core/Src/gpio.o
 .debug_line    0x0000000000001b7a      0x921 ./Core/Src/i2c.o
 .debug_line    0x000000000000249b      0x8d7 ./Core/Src/i2c_dev.o
 .debug_line    0x0000000000002d72      0xa35 ./Core/Src/main.o
 .debug_line    0x00000000000037a7      0x9dd ./Core/Src/motorX.o
 .debug_line    0x0000000000004184      0x909 ./Core/Src/motor_master.o
 .debug_line    0x0000000000004a8d      0x851 ./Core/Src/stm32h7xx_hal_msp.o
 .debug_line    0x00000000000052de      0x95b ./Core/Src/stm32h7xx_it.o
 .debug_line    0x0000000000005c39      0x9e0 ./Core/Src/tim.o
 .debug_line    0x0000000000006619       0x88 ./Core/Startup/startup_stm32h755zitx.o
 .debug_line    0x00000000000066a1      0xf97 ./Drivers/STM32H7xx_HAL_Driver/stm32h7xx_hal.o
 .debug_line    0x0000000000007638      0xe47 ./Drivers/STM32H7xx_HAL_Driver/stm32h7xx_hal_cortex.o
 .debug_line    0x000000000000847f      0xcfa ./Drivers/STM32H7xx_HAL_Driver/stm32h7xx_hal_gpio.o
 .debug_line    0x0000000000009179      0x9f7 ./Drivers/STM32H7xx_HAL_Driver/stm32h7xx_hal_hsem.o
 .debug_line    0x0000000000009b70     0x384d ./Drivers/STM32H7xx_HAL_Driver/stm32h7xx_hal_i2c.o
 .debug_line    0x000000000000d3bd      0xaa5 ./Drivers/STM32H7xx_HAL_Driver/stm32h7xx_hal_i2c_ex.o
 .debug_line    0x000000000000de62     0x1062 ./Drivers/STM32H7xx_HAL_Driver/stm32h7xx_hal_pwr_ex.o
 .debug_line    0x000000000000eec4     0x13a3 ./Drivers/STM32H7xx_HAL_Driver/stm32h7xx_hal_rcc.o
 .debug_line    0x0000000000010267     0x1b75 ./Drivers/STM32H7xx_HAL_Driver/stm32h7xx_hal_rcc_ex.o
 .debug_line    0x0000000000011ddc     0x3eff ./Drivers/STM32H7xx_HAL_Driver/stm32h7xx_hal_tim.o
 .debug_line    0x0000000000015cdb     0x1ddb ./Drivers/STM32H7xx_HAL_Driver/stm32h7xx_hal_tim_ex.o

.debug_str      0x0000000000000000   0x1849c1
 .debug_str     0x0000000000000000   0x17df9e ./Common/Src/system_stm32h7xx_dualcore_boot_cm4_cm7.o
                                     0x17e3eb (size before relaxing)
 .debug_str     0x000000000017df9e      0x933 ./Core/Src/VCNL4010.o
                                     0x17ea01 (size before relaxing)
 .debug_str     0x000000000017e8d1      0x901 ./Core/Src/gpio.o
                                     0x17ed1b (size before relaxing)
 .debug_str     0x000000000017f1d2      0x391 ./Core/Src/i2c.o
                                     0x17eea9 (size before relaxing)
 .debug_str     0x000000000017f563       0x96 ./Core/Src/i2c_dev.o
                                     0x17e8d3 (size before relaxing)
 .debug_str     0x000000000017f5f9      0x9a0 ./Core/Src/main.o
                                     0x17f70b (size before relaxing)
 .debug_str     0x000000000017ff99       0xa5 ./Core/Src/motorX.o
                                     0x17eb10 (size before relaxing)
 .debug_str     0x000000000018003e       0x46 ./Core/Src/motor_master.o
                                     0x17e389 (size before relaxing)
 .debug_str     0x0000000000180084       0x2c ./Core/Src/stm32h7xx_hal_msp.o
                                     0x17ec50 (size before relaxing)
 .debug_str     0x00000000001800b0      0x13f ./Core/Src/stm32h7xx_it.o
                                     0x17e8f1 (size before relaxing)
 .debug_str     0x00000000001801ef      0x276 ./Core/Src/tim.o
                                     0x17f677 (size before relaxing)
 .debug_str     0x0000000000180465       0x36 ./Core/Startup/startup_stm32h755zitx.o
                                         0x7a (size before relaxing)
 .debug_str     0x000000000018049b      0xaa7 ./Drivers/STM32H7xx_HAL_Driver/stm32h7xx_hal.o
                                     0x17f761 (size before relaxing)
 .debug_str     0x0000000000180f42      0x365 ./Drivers/STM32H7xx_HAL_Driver/stm32h7xx_hal_cortex.o
                                     0x17eeaf (size before relaxing)
 .debug_str     0x00000000001812a7      0x10e ./Drivers/STM32H7xx_HAL_Driver/stm32h7xx_hal_gpio.o
                                     0x17e640 (size before relaxing)
 .debug_str     0x00000000001813b5      0x185 ./Drivers/STM32H7xx_HAL_Driver/stm32h7xx_hal_hsem.o
                                     0x17e2cb (size before relaxing)
 .debug_str     0x000000000018153a      0xdf5 ./Drivers/STM32H7xx_HAL_Driver/stm32h7xx_hal_i2c.o
                                     0x17f62f (size before relaxing)
 .debug_str     0x000000000018232f       0xef ./Drivers/STM32H7xx_HAL_Driver/stm32h7xx_hal_i2c_ex.o
                                     0x17ea23 (size before relaxing)
 .debug_str     0x000000000018241e      0x6d9 ./Drivers/STM32H7xx_HAL_Driver/stm32h7xx_hal_pwr_ex.o
                                     0x17ea96 (size before relaxing)
 .debug_str     0x0000000000182af7      0x53d ./Drivers/STM32H7xx_HAL_Driver/stm32h7xx_hal_rcc.o
                                     0x17e9c1 (size before relaxing)
 .debug_str     0x0000000000183034      0x694 ./Drivers/STM32H7xx_HAL_Driver/stm32h7xx_hal_rcc_ex.o
                                     0x17eecd (size before relaxing)
 .debug_str     0x00000000001836c8      0xd32 ./Drivers/STM32H7xx_HAL_Driver/stm32h7xx_hal_tim.o
                                     0x17f73d (size before relaxing)
 .debug_str     0x00000000001843fa      0x5c7 ./Drivers/STM32H7xx_HAL_Driver/stm32h7xx_hal_tim_ex.o
                                     0x17f075 (size before relaxing)

.comment        0x0000000000000000       0x50
 .comment       0x0000000000000000       0x50 ./Common/Src/system_stm32h7xx_dualcore_boot_cm4_cm7.o
                                         0x51 (size before relaxing)
 .comment       0x0000000000000050       0x51 ./Core/Src/VCNL4010.o
 .comment       0x0000000000000050       0x51 ./Core/Src/gpio.o
 .comment       0x0000000000000050       0x51 ./Core/Src/i2c.o
 .comment       0x0000000000000050       0x51 ./Core/Src/i2c_dev.o
 .comment       0x0000000000000050       0x51 ./Core/Src/main.o
 .comment       0x0000000000000050       0x51 ./Core/Src/motorX.o
 .comment       0x0000000000000050       0x51 ./Core/Src/motor_master.o
 .comment       0x0000000000000050       0x51 ./Core/Src/stm32h7xx_hal_msp.o
 .comment       0x0000000000000050       0x51 ./Core/Src/stm32h7xx_it.o
 .comment       0x0000000000000050       0x51 ./Core/Src/tim.o
 .comment       0x0000000000000050       0x51 ./Drivers/STM32H7xx_HAL_Driver/stm32h7xx_hal.o
 .comment       0x0000000000000050       0x51 ./Drivers/STM32H7xx_HAL_Driver/stm32h7xx_hal_cortex.o
 .comment       0x0000000000000050       0x51 ./Drivers/STM32H7xx_HAL_Driver/stm32h7xx_hal_gpio.o
 .comment       0x0000000000000050       0x51 ./Drivers/STM32H7xx_HAL_Driver/stm32h7xx_hal_hsem.o
 .comment       0x0000000000000050       0x51 ./Drivers/STM32H7xx_HAL_Driver/stm32h7xx_hal_i2c.o
 .comment       0x0000000000000050       0x51 ./Drivers/STM32H7xx_HAL_Driver/stm32h7xx_hal_i2c_ex.o
 .comment       0x0000000000000050       0x51 ./Drivers/STM32H7xx_HAL_Driver/stm32h7xx_hal_pwr_ex.o
 .comment       0x0000000000000050       0x51 ./Drivers/STM32H7xx_HAL_Driver/stm32h7xx_hal_rcc.o
 .comment       0x0000000000000050       0x51 ./Drivers/STM32H7xx_HAL_Driver/stm32h7xx_hal_rcc_ex.o
 .comment       0x0000000000000050       0x51 ./Drivers/STM32H7xx_HAL_Driver/stm32h7xx_hal_tim.o
 .comment       0x0000000000000050       0x51 ./Drivers/STM32H7xx_HAL_Driver/stm32h7xx_hal_tim_ex.o

.debug_frame    0x0000000000000000     0x4d58
 .debug_frame   0x0000000000000000       0x58 ./Common/Src/system_stm32h7xx_dualcore_boot_cm4_cm7.o
 .debug_frame   0x0000000000000058       0x80 ./Core/Src/VCNL4010.o
 .debug_frame   0x00000000000000d8       0x34 ./Core/Src/gpio.o
 .debug_frame   0x000000000000010c       0x78 ./Core/Src/i2c.o
 .debug_frame   0x0000000000000184       0x84 ./Core/Src/i2c_dev.o
 .debug_frame   0x0000000000000208       0x6c ./Core/Src/main.o
 .debug_frame   0x0000000000000274       0xb8 ./Core/Src/motorX.o
 .debug_frame   0x000000000000032c       0x74 ./Core/Src/motor_master.o
 .debug_frame   0x00000000000003a0       0x34 ./Core/Src/stm32h7xx_hal_msp.o
 .debug_frame   0x00000000000003d4      0x158 ./Core/Src/stm32h7xx_it.o
 .debug_frame   0x000000000000052c      0x114 ./Core/Src/tim.o
 .debug_frame   0x0000000000000640      0x848 ./Drivers/STM32H7xx_HAL_Driver/stm32h7xx_hal.o
 .debug_frame   0x0000000000000e88      0x4b8 ./Drivers/STM32H7xx_HAL_Driver/stm32h7xx_hal_cortex.o
 .debug_frame   0x0000000000001340      0x14c ./Drivers/STM32H7xx_HAL_Driver/stm32h7xx_hal_gpio.o
 .debug_frame   0x000000000000148c      0x1bc ./Drivers/STM32H7xx_HAL_Driver/stm32h7xx_hal_hsem.o
 .debug_frame   0x0000000000001648      0xbf0 ./Drivers/STM32H7xx_HAL_Driver/stm32h7xx_hal_i2c.o
 .debug_frame   0x0000000000002238      0x100 ./Drivers/STM32H7xx_HAL_Driver/stm32h7xx_hal_i2c_ex.o
 .debug_frame   0x0000000000002338      0x5ec ./Drivers/STM32H7xx_HAL_Driver/stm32h7xx_hal_pwr_ex.o
 .debug_frame   0x0000000000002924      0x1f8 ./Drivers/STM32H7xx_HAL_Driver/stm32h7xx_hal_rcc.o
 .debug_frame   0x0000000000002b1c      0x41c ./Drivers/STM32H7xx_HAL_Driver/stm32h7xx_hal_rcc_ex.o
 .debug_frame   0x0000000000002f38     0x121c ./Drivers/STM32H7xx_HAL_Driver/stm32h7xx_hal_tim.o
 .debug_frame   0x0000000000004154      0x6d8 ./Drivers/STM32H7xx_HAL_Driver/stm32h7xx_hal_tim_ex.o
 .debug_frame   0x000000000000482c       0x20 c:/st/stm32cubeide_1.8.0/stm32cubeide/plugins/com.st.stm32cube.ide.mcu.externaltools.gnu-tools-for-stm32.10.3-2021.10.win32_1.0.0.202111181127/tools/bin/../lib/gcc/arm-none-eabi/10.3.1/../../../../arm-none-eabi/lib/thumb/v7e-m+fp/hard\libc_nano.a(lib_a-errno.o)
 .debug_frame   0x000000000000484c       0x2c c:/st/stm32cubeide_1.8.0/stm32cubeide/plugins/com.st.stm32cube.ide.mcu.externaltools.gnu-tools-for-stm32.10.3-2021.10.win32_1.0.0.202111181127/tools/bin/../lib/gcc/arm-none-eabi/10.3.1/../../../../arm-none-eabi/lib/thumb/v7e-m+fp/hard\libc_nano.a(lib_a-init.o)
 .debug_frame   0x0000000000004878       0x20 c:/st/stm32cubeide_1.8.0/stm32cubeide/plugins/com.st.stm32cube.ide.mcu.externaltools.gnu-tools-for-stm32.10.3-2021.10.win32_1.0.0.202111181127/tools/bin/../lib/gcc/arm-none-eabi/10.3.1/../../../../arm-none-eabi/lib/thumb/v7e-m+fp/hard\libc_nano.a(lib_a-memset.o)
 .debug_frame   0x0000000000004898       0x44 c:/st/stm32cubeide_1.8.0/stm32cubeide/plugins/com.st.stm32cube.ide.mcu.externaltools.gnu-tools-for-stm32.10.3-2021.10.win32_1.0.0.202111181127/tools/bin/../lib/gcc/arm-none-eabi/10.3.1/../../../../arm-none-eabi/lib/thumb/v7e-m+fp/hard\libm.a(lib_a-w_pow.o)
 .debug_frame   0x00000000000048dc       0xc8 c:/st/stm32cubeide_1.8.0/stm32cubeide/plugins/com.st.stm32cube.ide.mcu.externaltools.gnu-tools-for-stm32.10.3-2021.10.win32_1.0.0.202111181127/tools/bin/../lib/gcc/arm-none-eabi/10.3.1/../../../../arm-none-eabi/lib/thumb/v7e-m+fp/hard\libm.a(lib_a-e_pow.o)
 .debug_frame   0x00000000000049a4       0x30 c:/st/stm32cubeide_1.8.0/stm32cubeide/plugins/com.st.stm32cube.ide.mcu.externaltools.gnu-tools-for-stm32.10.3-2021.10.win32_1.0.0.202111181127/tools/bin/../lib/gcc/arm-none-eabi/10.3.1/../../../../arm-none-eabi/lib/thumb/v7e-m+fp/hard\libm.a(lib_a-e_sqrt.o)
 .debug_frame   0x00000000000049d4      0x10c c:/st/stm32cubeide_1.8.0/stm32cubeide/plugins/com.st.stm32cube.ide.mcu.externaltools.gnu-tools-for-stm32.10.3-2021.10.win32_1.0.0.202111181127/tools/bin/../lib/gcc/arm-none-eabi/10.3.1/../../../../arm-none-eabi/lib/thumb/v7e-m+fp/hard\libm.a(lib_a-math_err.o)
 .debug_frame   0x0000000000004ae0       0x20 c:/st/stm32cubeide_1.8.0/stm32cubeide/plugins/com.st.stm32cube.ide.mcu.externaltools.gnu-tools-for-stm32.10.3-2021.10.win32_1.0.0.202111181127/tools/bin/../lib/gcc/arm-none-eabi/10.3.1/../../../../arm-none-eabi/lib/thumb/v7e-m+fp/hard\libm.a(lib_a-s_fabs.o)
 .debug_frame   0x0000000000004b00       0x28 c:/st/stm32cubeide_1.8.0/stm32cubeide/plugins/com.st.stm32cube.ide.mcu.externaltools.gnu-tools-for-stm32.10.3-2021.10.win32_1.0.0.202111181127/tools/bin/../lib/gcc/arm-none-eabi/10.3.1/../../../../arm-none-eabi/lib/thumb/v7e-m+fp/hard\libm.a(lib_a-s_finite.o)
 .debug_frame   0x0000000000004b28       0x2c c:/st/stm32cubeide_1.8.0/stm32cubeide/plugins/com.st.stm32cube.ide.mcu.externaltools.gnu-tools-for-stm32.10.3-2021.10.win32_1.0.0.202111181127/tools/bin/../lib/gcc/arm-none-eabi/10.3.1/../../../../arm-none-eabi/lib/thumb/v7e-m+fp/hard\libm.a(lib_a-s_scalbn.o)
 .debug_frame   0x0000000000004b54       0xac c:/st/stm32cubeide_1.8.0/stm32cubeide/plugins/com.st.stm32cube.ide.mcu.externaltools.gnu-tools-for-stm32.10.3-2021.10.win32_1.0.0.202111181127/tools/bin/../lib/gcc/arm-none-eabi/10.3.1/thumb/v7e-m+fp/hard\libgcc.a(_arm_addsubdf3.o)
 .debug_frame   0x0000000000004c00       0x50 c:/st/stm32cubeide_1.8.0/stm32cubeide/plugins/com.st.stm32cube.ide.mcu.externaltools.gnu-tools-for-stm32.10.3-2021.10.win32_1.0.0.202111181127/tools/bin/../lib/gcc/arm-none-eabi/10.3.1/thumb/v7e-m+fp/hard\libgcc.a(_arm_muldivdf3.o)
 .debug_frame   0x0000000000004c50       0xc4 c:/st/stm32cubeide_1.8.0/stm32cubeide/plugins/com.st.stm32cube.ide.mcu.externaltools.gnu-tools-for-stm32.10.3-2021.10.win32_1.0.0.202111181127/tools/bin/../lib/gcc/arm-none-eabi/10.3.1/thumb/v7e-m+fp/hard\libgcc.a(_arm_cmpdf2.o)
 .debug_frame   0x0000000000004d14       0x20 c:/st/stm32cubeide_1.8.0/stm32cubeide/plugins/com.st.stm32cube.ide.mcu.externaltools.gnu-tools-for-stm32.10.3-2021.10.win32_1.0.0.202111181127/tools/bin/../lib/gcc/arm-none-eabi/10.3.1/thumb/v7e-m+fp/hard\libgcc.a(_arm_unorddf2.o)
 .debug_frame   0x0000000000004d34       0x24 c:/st/stm32cubeide_1.8.0/stm32cubeide/plugins/com.st.stm32cube.ide.mcu.externaltools.gnu-tools-for-stm32.10.3-2021.10.win32_1.0.0.202111181127/tools/bin/../lib/gcc/arm-none-eabi/10.3.1/thumb/v7e-m+fp/hard\libgcc.a(_arm_fixunsdfsi.o)